../Core/Src/main.c:82:6:write_acc	24	static
../Core/Src/main.c:95:9:read_acc	24	static
../Core/Src/main.c:107:7:raw_to_angle	16	static
../Core/Src/main.c:133:5:main	8	static
../Core/Src/main.c:231:6:SystemClock_Config	88	static
../Core/Src/main.c:277:13:MX_I2C1_Init	8	static
../Core/Src/main.c:311:13:MX_I2S3_Init	8	static
../Core/Src/main.c:345:13:MX_SPI1_Init	8	static
../Core/Src/main.c:383:13:MX_GPIO_Init	56	static
../Core/Src/main.c:482:6:HAL_GPIO_EXTI_Callback	16	static
../Core/Src/main.c:503:6:Error_Handler	4	static,ignoring_inline_asm
