Archive member included to satisfy reference by file (symbol)

C:/ST/STM32CubeIDE_1.12.0/STM32CubeIDE/plugins/com.st.stm32cube.ide.mcu.externaltools.gnu-tools-for-stm32.13.3.rel1.win32_1.0.0.202411081344/tools/bin/../lib/gcc/arm-none-eabi/13.3.1/../../../../arm-none-eabi/lib/thumb/v7e-m+fp/hard\libc_nano.a(libc_a-exit.o)
                              C:/ST/STM32CubeIDE_1.12.0/STM32CubeIDE/plugins/com.st.stm32cube.ide.mcu.externaltools.gnu-tools-for-stm32.13.3.rel1.win32_1.0.0.202411081344/tools/bin/../lib/gcc/arm-none-eabi/13.3.1/../../../../arm-none-eabi/lib/thumb/v7e-m+fp/hard/crt0.o (exit)
C:/ST/STM32CubeIDE_1.12.0/STM32CubeIDE/plugins/com.st.stm32cube.ide.mcu.externaltools.gnu-tools-for-stm32.13.3.rel1.win32_1.0.0.202411081344/tools/bin/../lib/gcc/arm-none-eabi/13.3.1/../../../../arm-none-eabi/lib/thumb/v7e-m+fp/hard\libc_nano.a(libc_a-malloc.o)
                              ./Middlewares/ST/STM32_USB_Host_Library/Class/CDC/Src/usbh_cdc.o (malloc)
C:/ST/STM32CubeIDE_1.12.0/STM32CubeIDE/plugins/com.st.stm32cube.ide.mcu.externaltools.gnu-tools-for-stm32.13.3.rel1.win32_1.0.0.202411081344/tools/bin/../lib/gcc/arm-none-eabi/13.3.1/../../../../arm-none-eabi/lib/thumb/v7e-m+fp/hard\libc_nano.a(libc_a-mallocr.o)
                              C:/ST/STM32CubeIDE_1.12.0/STM32CubeIDE/plugins/com.st.stm32cube.ide.mcu.externaltools.gnu-tools-for-stm32.13.3.rel1.win32_1.0.0.202411081344/tools/bin/../lib/gcc/arm-none-eabi/13.3.1/../../../../arm-none-eabi/lib/thumb/v7e-m+fp/hard\libc_nano.a(libc_a-malloc.o) (_malloc_r)
C:/ST/STM32CubeIDE_1.12.0/STM32CubeIDE/plugins/com.st.stm32cube.ide.mcu.externaltools.gnu-tools-for-stm32.13.3.rel1.win32_1.0.0.202411081344/tools/bin/../lib/gcc/arm-none-eabi/13.3.1/../../../../arm-none-eabi/lib/thumb/v7e-m+fp/hard\libc_nano.a(libc_a-mlock.o)
                              C:/ST/STM32CubeIDE_1.12.0/STM32CubeIDE/plugins/com.st.stm32cube.ide.mcu.externaltools.gnu-tools-for-stm32.13.3.rel1.win32_1.0.0.202411081344/tools/bin/../lib/gcc/arm-none-eabi/13.3.1/../../../../arm-none-eabi/lib/thumb/v7e-m+fp/hard\libc_nano.a(libc_a-mallocr.o) (__malloc_lock)
C:/ST/STM32CubeIDE_1.12.0/STM32CubeIDE/plugins/com.st.stm32cube.ide.mcu.externaltools.gnu-tools-for-stm32.13.3.rel1.win32_1.0.0.202411081344/tools/bin/../lib/gcc/arm-none-eabi/13.3.1/../../../../arm-none-eabi/lib/thumb/v7e-m+fp/hard\libc_nano.a(libc_a-findfp.o)
                              C:/ST/STM32CubeIDE_1.12.0/STM32CubeIDE/plugins/com.st.stm32cube.ide.mcu.externaltools.gnu-tools-for-stm32.13.3.rel1.win32_1.0.0.202411081344/tools/bin/../lib/gcc/arm-none-eabi/13.3.1/../../../../arm-none-eabi/lib/thumb/v7e-m+fp/hard\libc_nano.a(libc_a-exit.o) (__stdio_exit_handler)
C:/ST/STM32CubeIDE_1.12.0/STM32CubeIDE/plugins/com.st.stm32cube.ide.mcu.externaltools.gnu-tools-for-stm32.13.3.rel1.win32_1.0.0.202411081344/tools/bin/../lib/gcc/arm-none-eabi/13.3.1/../../../../arm-none-eabi/lib/thumb/v7e-m+fp/hard\libc_nano.a(libc_a-fwalk.o)
                              C:/ST/STM32CubeIDE_1.12.0/STM32CubeIDE/plugins/com.st.stm32cube.ide.mcu.externaltools.gnu-tools-for-stm32.13.3.rel1.win32_1.0.0.202411081344/tools/bin/../lib/gcc/arm-none-eabi/13.3.1/../../../../arm-none-eabi/lib/thumb/v7e-m+fp/hard\libc_nano.a(libc_a-findfp.o) (_fwalk_sglue)
C:/ST/STM32CubeIDE_1.12.0/STM32CubeIDE/plugins/com.st.stm32cube.ide.mcu.externaltools.gnu-tools-for-stm32.13.3.rel1.win32_1.0.0.202411081344/tools/bin/../lib/gcc/arm-none-eabi/13.3.1/../../../../arm-none-eabi/lib/thumb/v7e-m+fp/hard\libc_nano.a(libc_a-stdio.o)
                              C:/ST/STM32CubeIDE_1.12.0/STM32CubeIDE/plugins/com.st.stm32cube.ide.mcu.externaltools.gnu-tools-for-stm32.13.3.rel1.win32_1.0.0.202411081344/tools/bin/../lib/gcc/arm-none-eabi/13.3.1/../../../../arm-none-eabi/lib/thumb/v7e-m+fp/hard\libc_nano.a(libc_a-findfp.o) (__sread)
C:/ST/STM32CubeIDE_1.12.0/STM32CubeIDE/plugins/com.st.stm32cube.ide.mcu.externaltools.gnu-tools-for-stm32.13.3.rel1.win32_1.0.0.202411081344/tools/bin/../lib/gcc/arm-none-eabi/13.3.1/../../../../arm-none-eabi/lib/thumb/v7e-m+fp/hard\libc_nano.a(libc_a-memset.o)
                              C:/ST/STM32CubeIDE_1.12.0/STM32CubeIDE/plugins/com.st.stm32cube.ide.mcu.externaltools.gnu-tools-for-stm32.13.3.rel1.win32_1.0.0.202411081344/tools/bin/../lib/gcc/arm-none-eabi/13.3.1/../../../../arm-none-eabi/lib/thumb/v7e-m+fp/hard/crt0.o (memset)
C:/ST/STM32CubeIDE_1.12.0/STM32CubeIDE/plugins/com.st.stm32cube.ide.mcu.externaltools.gnu-tools-for-stm32.13.3.rel1.win32_1.0.0.202411081344/tools/bin/../lib/gcc/arm-none-eabi/13.3.1/../../../../arm-none-eabi/lib/thumb/v7e-m+fp/hard\libc_nano.a(libc_a-closer.o)
                              C:/ST/STM32CubeIDE_1.12.0/STM32CubeIDE/plugins/com.st.stm32cube.ide.mcu.externaltools.gnu-tools-for-stm32.13.3.rel1.win32_1.0.0.202411081344/tools/bin/../lib/gcc/arm-none-eabi/13.3.1/../../../../arm-none-eabi/lib/thumb/v7e-m+fp/hard\libc_nano.a(libc_a-stdio.o) (_close_r)
[...]
Memory Configuration

Name             Origin             Length             Attributes
CCMRAM           0x10000000         0x00010000         xrw
RAM              0x20000000         0x00020000         xrw
FLASH            0x08000000         0x00100000         xr
*default*        0x00000000         0xffffffff

Linker script and memory map

LOAD C:/ST/STM32CubeIDE_1.12.0/STM32CubeIDE/plugins/com.st.stm32cube.ide.mcu.externaltools.gnu-tools-for-stm32.13.3.rel1.win32_1.0.0.202411081344/tools/bin/../lib/gcc/arm-none-eabi/13.3.1/thumb/v7e-m+fp/hard/crti.o
LOAD C:/ST/STM32CubeIDE_1.12.0/STM32CubeIDE/plugins/com.st.stm32cube.ide.mcu.externaltools.gnu-tools-for-stm32.13.3.rel1.win32_1.0.0.202411081344/tools/bin/../lib/gcc/arm-none-eabi/13.3.1/thumb/v7e-m+fp/hard/crtbegin.o
LOAD C:/ST/STM32CubeIDE_1.12.0/STM32CubeIDE/plugins/com.st.stm32cube.ide.mcu.externaltools.gnu-tools-for-stm32.13.3.rel1.win32_1.0.0.202411081344/tools/bin/../lib/gcc/arm-none-eabi/13.3.1/../../../../arm-none-eabi/lib/thumb/v7e-m+fp/hard/crt0.o
LOAD ./Core/Src/SHA1.o
LOAD ./Core/Src/aes.o
LOAD ./Core/Src/main.o
LOAD ./Core/Src/stm32f4xx_hal_msp.o
LOAD ./Core/Src/stm32f4xx_it.o
LOAD ./Core/Src/syscalls.o
LOAD ./Core/Src/sysmem.o
LOAD ./Core/Src/system_stm32f4xx.o
LOAD ./Core/Startup/startup_stm32f407vgtx.o
LOAD ./Drivers/STM32F4xx_HAL_Driver/Src/stm32f4xx_hal.o
LOAD ./Drivers/STM32F4xx_HAL_Driver/Src/stm32f4xx_hal_cortex.o
LOAD ./Drivers/STM32F4xx_HAL_Driver/Src/stm32f4xx_hal_dma.o
LOAD ./Drivers/STM32F4xx_HAL_Driver/Src/stm32f4xx_hal_dma_ex.o
LOAD ./Drivers/STM32F4xx_HAL_Driver/Src/stm32f4xx_hal_exti.o
LOAD ./Drivers/STM32F4xx_HAL_Driver/Src/stm32f4xx_hal_flash.o
LOAD ./Drivers/STM32F4xx_HAL_Driver/Src/stm32f4xx_hal_flash_ex.o
LOAD ./Drivers/STM32F4xx_HAL_Driver/Src/stm32f4xx_hal_flash_ramfunc.o
LOAD ./Drivers/STM32F4xx_HAL_Driver/Src/stm32f4xx_hal_gpio.o
LOAD ./Drivers/STM32F4xx_HAL_Driver/Src/stm32f4xx_hal_hcd.o
LOAD ./Drivers/STM32F4xx_HAL_Driver/Src/stm32f4xx_hal_i2c.o
LOAD ./Drivers/STM32F4xx_HAL_Driver/Src/stm32f4xx_hal_i2c_ex.o
LOAD ./Drivers/STM32F4xx_HAL_Driver/Src/stm32f4xx_hal_i2s.o
LOAD ./Drivers/STM32F4xx_HAL_Driver/Src/stm32f4xx_hal_i2s_ex.o
LOAD ./Drivers/STM32F4xx_HAL_Driver/Src/stm32f4xx_hal_pwr.o
LOAD ./Drivers/STM32F4xx_HAL_Driver/Src/stm32f4xx_hal_pwr_ex.o
LOAD ./Drivers/STM32F4xx_HAL_Driver/Src/stm32f4xx_hal_rcc.o
LOAD ./Drivers/STM32F4xx_HAL_Driver/Src/stm32f4xx_hal_rcc_ex.o
LOAD ./Drivers/STM32F4xx_HAL_Driver/Src/stm32f4xx_hal_spi.o
LOAD ./Drivers/STM32F4xx_HAL_Driver/Src/stm32f4xx_hal_tim.o
LOAD ./Drivers/STM32F4xx_HAL_Driver/Src/stm32f4xx_hal_tim_ex.o
LOAD ./Drivers/STM32F4xx_HAL_Driver/Src/stm32f4xx_hal_uart.o
LOAD ./Drivers/STM32F4xx_HAL_Driver/Src/stm32f4xx_ll_usb.o
LOAD ./Middlewares/ST/STM32_USB_Host_Library/Class/CDC/Src/usbh_cdc.o
LOAD ./Middlewares/ST/STM32_USB_Host_Library/Core/Src/usbh_core.o
LOAD ./Middlewares/ST/STM32_USB_Host_Library/Core/Src/usbh_ctlreq.o
LOAD ./Middlewares/ST/STM32_USB_Host_Library/Core/Src/usbh_ioreq.o
LOAD ./Middlewares/ST/STM32_USB_Host_Library/Core/Src/usbh_pipes.o
LOAD ./USB_HOST/App/usb_host.o
LOAD ./USB_HOST/Target/usbh_conf.o
LOAD ./USB_HOST/Target/usbh_platform.o
START GROUP
LOAD C:/ST/STM32CubeIDE_1.12.0/STM32CubeIDE/plugins/com.st.stm32cube.ide.mcu.externaltools.gnu-tools-for-stm32.13.3.rel1.win32_1.0.0.202411081344/tools/bin/../lib/gcc/arm-none-eabi/13.3.1/../../../../arm-none-eabi/lib/thumb/v7e-m+fp/hard\libc_nano.a
LOAD C:/ST/STM32CubeIDE_1.12.0/STM32CubeIDE/plugins/com.st.stm32cube.ide.mcu.externaltools.gnu-tools-for-stm32.13.3.rel1.win32_1.0.0.202411081344/tools/bin/../lib/gcc/arm-none-eabi/13.3.1/../../../../arm-none-eabi/lib/thumb/v7e-m+fp/hard\libm.a
END GROUP
START GROUP
LOAD C:/ST/STM32CubeIDE_1.12.0/STM32CubeIDE/plugins/com.st.stm32cube.ide.mcu.externaltools.gnu-tools-for-stm32.13.3.rel1.win32_1.0.0.202411081344/tools/bin/../lib/gcc/arm-none-eabi/13.3.1/thumb/v7e-m+fp/hard\libgcc.a
LOAD C:/ST/STM32CubeIDE_1.12.0/STM32CubeIDE/plugins/com.st.stm32cube.ide.mcu.externaltools.gnu-tools-for-stm32.13.3.rel1.win32_1.0.0.202411081344/tools/bin/../lib/gcc/arm-none-eabi/13.3.1/../../../../arm-none-eabi/lib/thumb/v7e-m+fp/hard\libc_nano.a
END GROUP
START GROUP
LOAD C:/ST/STM32CubeIDE_1.12.0/STM32CubeIDE/plugins/com.st.stm32cube.ide.mcu.externaltools.gnu-tools-for-stm32.13.3.rel1.win32_1.0.0.202411081344/tools/bin/../lib/gcc/arm-none-eabi/13.3.1/thumb/v7e-m+fp/hard\libgcc.a
LOAD C:/ST/STM32CubeIDE_1.12.0/STM32CubeIDE/plugins/com.st.stm32cube.ide.mcu.externaltools.gnu-tools-for-stm32.13.3.rel1.win32_1.0.0.202411081344/tools/bin/../lib/gcc/arm-none-eabi/13.3.1/../../../../arm-none-eabi/lib/thumb/v7e-m+fp/hard\libc_nano.a
LOAD C:/ST/STM32CubeIDE_1.12.0/STM32CubeIDE/plugins/com.st.stm32cube.ide.mcu.externaltools.gnu-tools-for-stm32.13.3.rel1.win32_1.0.0.202411081344/tools/bin/../lib/gcc/arm-none-eabi/13.3.1/../../../../arm-none-eabi/lib/thumb/v7e-m+fp/hard\libnosys.a
END GROUP
START GROUP
LOAD C:/ST/STM32CubeIDE_1.12.0/STM32CubeIDE/plugins/com.st.stm32cube.ide.mcu.externaltools.gnu-tools-for-stm32.13.3.rel1.win32_1.0.0.202411081344/tools/bin/../lib/gcc/arm-none-eabi/13.3.1/thumb/v7e-m+fp/hard\libgcc.a
LOAD C:/ST/STM32CubeIDE_1.12.0/STM32CubeIDE/plugins/com.st.stm32cube.ide.mcu.externaltools.gnu-tools-for-stm32.13.3.rel1.win32_1.0.0.202411081344/tools/bin/../lib/gcc/arm-none-eabi/13.3.1/../../../../arm-none-eabi/lib/thumb/v7e-m+fp/hard\libc_nano.a
LOAD C:/ST/STM32CubeIDE_1.12.0/STM32CubeIDE/plugins/com.st.stm32cube.ide.mcu.externaltools.gnu-tools-for-stm32.13.3.rel1.win32_1.0.0.202411081344/tools/bin/../lib/gcc/arm-none-eabi/13.3.1/../../../../arm-none-eabi/lib/thumb/v7e-m+fp/hard\libnosys.a
END GROUP
LOAD C:/ST/STM32CubeIDE_1.12.0/STM32CubeIDE/plugins/com.st.stm32cube.ide.mcu.externaltools.gnu-tools-for-stm32.13.3.rel1.win32_1.0.0.202411081344/tools/bin/../lib/gcc/arm-none-eabi/13.3.1/thumb/v7e-m+fp/hard/crtend.o
LOAD C:/ST/STM32CubeIDE_1.12.0/STM32CubeIDE/plugins/com.st.stm32cube.ide.mcu.externaltools.gnu-tools-for-stm32.13.3.rel1.win32_1.0.0.202411081344/tools/bin/../lib/gcc/arm-none-eabi/13.3.1/thumb/v7e-m+fp/hard/crtn.o
                0x20020000                        _estack = (ORIGIN (RAM) + LENGTH (RAM))
                0x00000200                        _Min_Heap_Size = 0x200
                0x00000400                        _Min_Stack_Size = 0x400

.isr_vector     0x08000000      0x188
                0x08000000                        . = ALIGN (0x4)
 *(.isr_vector)
 .isr_vector    0x08000000      0x188 ./Core/Startup/startup_stm32f407vgtx.o
                0x08000000                g_pfnVectors
                0x08000188                        . = ALIGN (0x4)

.text           0x08000188     0x9590
                0x08000188                        . = ALIGN (0x4)
 *(.text)
 .text          0x08000188       0x40 C:/ST/STM32CubeIDE_1.12.0/STM32CubeIDE/plugins/com.st.stm32cube.ide.mcu.externaltools.gnu-tools-for-stm32.13.3.rel1.win32_1.0.0.202411081344/tools/bin/../lib/gcc/arm-none-eabi/13.3.1/thumb/v7e-m+fp/hard/crtbegin.o
 .text          0x080001c8       0x30 C:/ST/STM32CubeIDE_1.12.0/STM32CubeIDE/plugins/com.st.stm32cube.ide.mcu.externaltools.gnu-tools-for-stm32.13.3.rel1.win32_1.0.0.202411081344/tools/bin/../lib/gcc/arm-none-eabi/13.3.1/thumb/v7e-m+fp/hard\libgcc.a(_aeabi_uldivmod.o)
                0x080001c8                __aeabi_uldivmod
 .text          0x080001f8      0x2f8 C:/ST/STM32CubeIDE_1.12.0/STM32CubeIDE/plugins/com.st.stm32cube.ide.mcu.externaltools.gnu-tools-for-stm32.13.3.rel1.win32_1.0.0.202411081344/tools/bin/../lib/gcc/arm-none-eabi/13.3.1/thumb/v7e-m+fp/hard\libgcc.a(_udivmoddi4.o)
                0x080001f8                __udivmoddi4
 .text          0x080004f0        0x4 C:/ST/STM32CubeIDE_1.12.0/STM32CubeIDE/plugins/com.st.stm32cube.ide.mcu.externaltools.gnu-tools-for-stm32.13.3.rel1.win32_1.0.0.202411081344/tools/bin/../lib/gcc/arm-none-eabi/13.3.1/thumb/v7e-m+fp/hard\libgcc.a(_dvmd_tls.o)
                0x080004f0                __aeabi_idiv0
                0x080004f0                __aeabi_ldiv0
 *(.text*)
 .text.SHA1_Init
                0x080004f4       0x64 ./Core/Src/SHA1.o
                0x080004f4                SHA1_Init
 .text.SHA1_ProcessBlock
                0x08000558      0x208 ./Core/Src/SHA1.o
 .text.SHA1_Final
                0x08000760       0xb4 ./Core/Src/SHA1.o
                0x08000760                SHA1_Final
 .text.SHA1_Update
                0x08000814       0x86 ./Core/Src/SHA1.o
                0x08000814                SHA1_Update
 *fill*         0x0800089a        0x2 
 .text.KeyExpansion
                0x0800089c      0x1a0 ./Core/Src/aes.o
 .text.AES_init_ctx
                0x08000a3c       0x1c ./Core/Src/aes.o
                0x08000a3c                AES_init_ctx
 .text.AddRoundKey
                0x08000a58       0x78 ./Core/Src/aes.o
 .text.SubBytes
                0x08000ad0       0x64 ./Core/Src/aes.o
 .text.ShiftRows
                0x08000b34       0x84 ./Core/Src/aes.o
 .text.xtime    0x08000bb8       0x3e ./Core/Src/aes.o
 .text.MixColumns
                0x08000bf6      0x16a ./Core/Src/aes.o
 .text.Cipher   0x08000d60       0x5c ./Core/Src/aes.o
 .text.AES_ECB_encrypt
                0x08000dbc       0x1c ./Core/Src/aes.o
                0x08000dbc                AES_ECB_encrypt
 .text.main     0x08000dd8       0xb8 ./Core/Src/main.o
                0x08000dd8                main
 .text.SystemClock_Config
                0x08000e90       0xd4 ./Core/Src/main.o
                0x08000e90                SystemClock_Config
 .text.MX_I2C1_Init
                0x08000f64       0x5c ./Core/Src/main.o
 .text.MX_I2S3_Init
                0x08000fc0       0x60 ./Core/Src/main.o
 .text.MX_SPI1_Init
                0x08001020       0x6c ./Core/Src/main.o
 .text.MX_USART2_UART_Init
                0x0800108c       0x54 ./Core/Src/main.o
 .text.MX_GPIO_Init
                0x080010e0      0x1fc ./Core/Src/main.o
 .text.HAL_UART_RxCpltCallback
                0x080012dc       0x34 ./Core/Src/main.o
                0x080012dc                HAL_UART_RxCpltCallback
 .text.Error_Handler
                0x08001310        0xc ./Core/Src/main.o
                0x08001310                Error_Handler
 .text.HAL_MspInit
                0x0800131c       0x50 ./Core/Src/stm32f4xx_hal_msp.o
                0x0800131c                HAL_MspInit
 .text.HAL_I2C_MspInit
                0x0800136c       0x90 ./Core/Src/stm32f4xx_hal_msp.o
                0x0800136c                HAL_I2C_MspInit
 .text.HAL_I2S_MspInit
                0x080013fc      0x100 ./Core/Src/stm32f4xx_hal_msp.o
                0x080013fc                HAL_I2S_MspInit
 .text.HAL_SPI_MspInit
                0x080014fc       0x90 ./Core/Src/stm32f4xx_hal_msp.o
                0x080014fc                HAL_SPI_MspInit
 .text.HAL_UART_MspInit
                0x0800158c       0xa0 ./Core/Src/stm32f4xx_hal_msp.o
                0x0800158c                HAL_UART_MspInit
 .text.NMI_Handler
                0x0800162c        0x8 ./Core/Src/stm32f4xx_it.o
                0x0800162c                NMI_Handler
 .text.HardFault_Handler
                0x08001634        0x8 ./Core/Src/stm32f4xx_it.o
                0x08001634                HardFault_Handler
 .text.MemManage_Handler
                0x0800163c        0x8 ./Core/Src/stm32f4xx_it.o
                0x0800163c                MemManage_Handler
 .text.BusFault_Handler
                0x08001644        0x8 ./Core/Src/stm32f4xx_it.o
                0x08001644                BusFault_Handler
 .text.UsageFault_Handler
                0x0800164c        0x8 ./Core/Src/stm32f4xx_it.o
                0x0800164c                UsageFault_Handler
 .text.SVC_Handler
                0x08001654        0xe ./Core/Src/stm32f4xx_it.o
                0x08001654                SVC_Handler
 .text.DebugMon_Handler
                0x08001662        0xe ./Core/Src/stm32f4xx_it.o
                0x08001662                DebugMon_Handler
 .text.PendSV_Handler
                0x08001670        0xe ./Core/Src/stm32f4xx_it.o
                0x08001670                PendSV_Handler
 .text.SysTick_Handler
                0x0800167e        0xc ./Core/Src/stm32f4xx_it.o
                0x0800167e                SysTick_Handler
 *fill*         0x0800168a        0x2 
 .text.USART2_IRQHandler
                0x0800168c       0x14 ./Core/Src/stm32f4xx_it.o
                0x0800168c                USART2_IRQHandler
 .text.OTG_FS_IRQHandler
                0x080016a0       0x14 ./Core/Src/stm32f4xx_it.o
                0x080016a0                OTG_FS_IRQHandler
 .text._sbrk    0x080016b4       0x6c ./Core/Src/sysmem.o
                0x080016b4                _sbrk
 .text.SystemInit
                0x08001720       0x24 ./Core/Src/system_stm32f4xx.o
                0x08001720                SystemInit
 .text.Reset_Handler
                0x08001744       0x50 ./Core/Startup/startup_stm32f407vgtx.o
                0x08001744                Reset_Handler
 .text.Default_Handler
                0x08001794        0x2 ./Core/Startup/startup_stm32f407vgtx.o
                0x08001794                RTC_Alarm_IRQHandler
                0x08001794                HASH_RNG_IRQHandler
                0x08001794                EXTI2_IRQHandler
                0x08001794                TIM8_CC_IRQHandler
                0x08001794                TIM1_CC_IRQHandler
                0x08001794                DMA2_Stream5_IRQHandler
                0x08001794                DMA1_Stream5_IRQHandler
                0x08001794                PVD_IRQHandler
                0x08001794                SDIO_IRQHandler
                0x08001794                TAMP_STAMP_IRQHandler
                0x08001794                CAN2_RX1_IRQHandler
                0x08001794                EXTI3_IRQHandler
                0x08001794                TIM8_TRG_COM_TIM14_IRQHandler
                0x08001794                TIM1_UP_TIM10_IRQHandler
                0x08001794                TIM8_UP_TIM13_IRQHandler
                0x08001794                I2C3_ER_IRQHandler
                0x08001794                EXTI0_IRQHandler
                0x08001794                I2C2_EV_IRQHandler
                0x08001794                DMA1_Stream2_IRQHandler
                0x08001794                CAN1_RX0_IRQHandler
                0x08001794                FPU_IRQHandler
                0x08001794                OTG_HS_WKUP_IRQHandler
                0x08001794                CAN2_SCE_IRQHandler
                0x08001794                DMA2_Stream2_IRQHandler
                0x08001794                SPI1_IRQHandler
                0x08001794                TIM6_DAC_IRQHandler
                0x08001794                TIM1_BRK_TIM9_IRQHandler
                0x08001794                DCMI_IRQHandler
                0x08001794                CAN2_RX0_IRQHandler
                0x08001794                DMA2_Stream3_IRQHandler
                0x08001794                USART6_IRQHandler
                0x08001794                USART3_IRQHandler
                0x08001794                CAN1_RX1_IRQHandler
                0x08001794                UART5_IRQHandler
                0x08001794                DMA2_Stream0_IRQHandler
                0x08001794                TIM4_IRQHandler
                0x08001794                I2C1_EV_IRQHandler
                0x08001794                DMA1_Stream6_IRQHandler
                0x08001794                DMA1_Stream1_IRQHandler
                0x08001794                UART4_IRQHandler
                0x08001794                TIM3_IRQHandler
                0x08001794                RCC_IRQHandler
                0x08001794                TIM8_BRK_TIM12_IRQHandler
                0x08001794                Default_Handler
                0x08001794                EXTI15_10_IRQHandler
                0x08001794                ADC_IRQHandler
                0x08001794                DMA1_Stream7_IRQHandler
                0x08001794                TIM7_IRQHandler
                0x08001794                CAN2_TX_IRQHandler
                0x08001794                TIM5_IRQHandler
                0x08001794                DMA2_Stream7_IRQHandler
                0x08001794                I2C3_EV_IRQHandler
                0x08001794                EXTI9_5_IRQHandler
                0x08001794                RTC_WKUP_IRQHandler
                0x08001794                ETH_WKUP_IRQHandler
                0x08001794                SPI2_IRQHandler
                0x08001794                OTG_HS_EP1_IN_IRQHandler
                0x08001794                DMA1_Stream0_IRQHandler
                0x08001794                CAN1_TX_IRQHandler
                0x08001794                EXTI4_IRQHandler
                0x08001794                FSMC_IRQHandler
                0x08001794                ETH_IRQHandler
                0x08001794                OTG_HS_EP1_OUT_IRQHandler
                0x08001794                WWDG_IRQHandler
                0x08001794                TIM2_IRQHandler
                0x08001794                OTG_FS_WKUP_IRQHandler
                0x08001794                TIM1_TRG_COM_TIM11_IRQHandler
                0x08001794                OTG_HS_IRQHandler
                0x08001794                EXTI1_IRQHandler
                0x08001794                I2C2_ER_IRQHandler
                0x08001794                DMA2_Stream1_IRQHandler
                0x08001794                CAN1_SCE_IRQHandler
                0x08001794                FLASH_IRQHandler
                0x08001794                DMA2_Stream4_IRQHandler
                0x08001794                USART1_IRQHandler
                0x08001794                SPI3_IRQHandler
                0x08001794                DMA1_Stream4_IRQHandler
                0x08001794                I2C1_ER_IRQHandler
                0x08001794                DMA2_Stream6_IRQHandler
                0x08001794                DMA1_Stream3_IRQHandler
 *fill*         0x08001796        0x2 
 .text.HAL_Init
                0x08001798       0x44 ./Drivers/STM32F4xx_HAL_Driver/Src/stm32f4xx_hal.o
                0x08001798                HAL_Init
 .text.HAL_InitTick
                0x080017dc       0x60 ./Drivers/STM32F4xx_HAL_Driver/Src/stm32f4xx_hal.o
                0x080017dc                HAL_InitTick
 .text.HAL_IncTick
                0x0800183c       0x28 ./Drivers/STM32F4xx_HAL_Driver/Src/stm32f4xx_hal.o
                0x0800183c                HAL_IncTick
 .text.HAL_GetTick
                0x08001864       0x18 ./Drivers/STM32F4xx_HAL_Driver/Src/stm32f4xx_hal.o
                0x08001864                HAL_GetTick
 .text.HAL_Delay
                0x0800187c       0x48 ./Drivers/STM32F4xx_HAL_Driver/Src/stm32f4xx_hal.o
                0x0800187c                HAL_Delay
 .text.__NVIC_SetPriorityGrouping
                0x080018c4       0x48 ./Drivers/STM32F4xx_HAL_Driver/Src/stm32f4xx_hal_cortex.o
 .text.__NVIC_GetPriorityGrouping
                0x0800190c       0x1c ./Drivers/STM32F4xx_HAL_Driver/Src/stm32f4xx_hal_cortex.o
 .text.__NVIC_EnableIRQ
                0x08001928       0x3c ./Drivers/STM32F4xx_HAL_Driver/Src/stm32f4xx_hal_cortex.o
 .text.__NVIC_SetPriority
                0x08001964       0x54 ./Drivers/STM32F4xx_HAL_Driver/Src/stm32f4xx_hal_cortex.o
 .text.NVIC_EncodePriority
                0x080019b8       0x66 ./Drivers/STM32F4xx_HAL_Driver/Src/stm32f4xx_hal_cortex.o
 *fill*         0x08001a1e        0x2 
 .text.SysTick_Config
                0x08001a20       0x44 ./Drivers/STM32F4xx_HAL_Driver/Src/stm32f4xx_hal_cortex.o
 .text.HAL_NVIC_SetPriorityGrouping
                0x08001a64       0x16 ./Drivers/STM32F4xx_HAL_Driver/Src/stm32f4xx_hal_cortex.o
                0x08001a64                HAL_NVIC_SetPriorityGrouping
 .text.HAL_NVIC_SetPriority
                0x08001a7a       0x38 ./Drivers/STM32F4xx_HAL_Driver/Src/stm32f4xx_hal_cortex.o
                0x08001a7a                HAL_NVIC_SetPriority
 .text.HAL_NVIC_EnableIRQ
                0x08001ab2       0x1c ./Drivers/STM32F4xx_HAL_Driver/Src/stm32f4xx_hal_cortex.o
                0x08001ab2                HAL_NVIC_EnableIRQ
 .text.HAL_SYSTICK_Config
                0x08001ace       0x18 ./Drivers/STM32F4xx_HAL_Driver/Src/stm32f4xx_hal_cortex.o
                0x08001ace                HAL_SYSTICK_Config
 .text.HAL_DMA_Abort
                0x08001ae6       0xe0 ./Drivers/STM32F4xx_HAL_Driver/Src/stm32f4xx_hal_dma.o
                0x08001ae6                HAL_DMA_Abort
 .text.HAL_DMA_Abort_IT
                0x08001bc6       0x44 ./Drivers/STM32F4xx_HAL_Driver/Src/stm32f4xx_hal_dma.o
                0x08001bc6                HAL_DMA_Abort_IT
 *fill*         0x08001c0a        0x2 
 .text.HAL_GPIO_Init
                0x08001c0c      0x338 ./Drivers/STM32F4xx_HAL_Driver/Src/stm32f4xx_hal_gpio.o
                0x08001c0c                HAL_GPIO_Init
 .text.HAL_GPIO_WritePin
                0x08001f44       0x32 ./Drivers/STM32F4xx_HAL_Driver/Src/stm32f4xx_hal_gpio.o
                0x08001f44                HAL_GPIO_WritePin
 .text.HAL_HCD_Init
                0x08001f76       0xc4 ./Drivers/STM32F4xx_HAL_Driver/Src/stm32f4xx_hal_hcd.o
                0x08001f76                HAL_HCD_Init
 .text.HAL_HCD_HC_Init
                0x0800203a      0x11e ./Drivers/STM32F4xx_HAL_Driver/Src/stm32f4xx_hal_hcd.o
                0x0800203a                HAL_HCD_HC_Init
 .text.HAL_HCD_HC_Halt
                0x08002158       0x46 ./Drivers/STM32F4xx_HAL_Driver/Src/stm32f4xx_hal_hcd.o
                0x08002158                HAL_HCD_HC_Halt
 *fill*         0x0800219e        0x2 
 .text.HAL_HCD_HC_SubmitRequest
                0x080021a0      0x2ac ./Drivers/STM32F4xx_HAL_Driver/Src/stm32f4xx_hal_hcd.o
                0x080021a0                HAL_HCD_HC_SubmitRequest
 .text.HAL_HCD_IRQHandler
                0x0800244c      0x216 ./Drivers/STM32F4xx_HAL_Driver/Src/stm32f4xx_hal_hcd.o
                0x0800244c                HAL_HCD_IRQHandler
 .text.HAL_HCD_Start
                0x08002662       0x46 ./Drivers/STM32F4xx_HAL_Driver/Src/stm32f4xx_hal_hcd.o
                0x08002662                HAL_HCD_Start
 .text.HAL_HCD_Stop
                0x080026a8       0x3a ./Drivers/STM32F4xx_HAL_Driver/Src/stm32f4xx_hal_hcd.o
                0x080026a8                HAL_HCD_Stop
 .text.HAL_HCD_ResetPort
                0x080026e2       0x1c ./Drivers/STM32F4xx_HAL_Driver/Src/stm32f4xx_hal_hcd.o
                0x080026e2                HAL_HCD_ResetPort
 .text.HAL_HCD_HC_GetURBState
                0x080026fe       0x28 ./Drivers/STM32F4xx_HAL_Driver/Src/stm32f4xx_hal_hcd.o
                0x080026fe                HAL_HCD_HC_GetURBState
 .text.HAL_HCD_HC_GetXferCount
                0x08002726       0x28 ./Drivers/STM32F4xx_HAL_Driver/Src/stm32f4xx_hal_hcd.o
                0x08002726                HAL_HCD_HC_GetXferCount
 .text.HAL_HCD_GetCurrentFrame
                0x0800274e       0x1c ./Drivers/STM32F4xx_HAL_Driver/Src/stm32f4xx_hal_hcd.o
                0x0800274e                HAL_HCD_GetCurrentFrame
 .text.HAL_HCD_GetCurrentSpeed
                0x0800276a       0x1c ./Drivers/STM32F4xx_HAL_Driver/Src/stm32f4xx_hal_hcd.o
                0x0800276a                HAL_HCD_GetCurrentSpeed
 .text.HCD_HC_IN_IRQHandler
                0x08002786      0x6aa ./Drivers/STM32F4xx_HAL_Driver/Src/stm32f4xx_hal_hcd.o
 .text.HCD_HC_OUT_IRQHandler
                0x08002e30      0x6d2 ./Drivers/STM32F4xx_HAL_Driver/Src/stm32f4xx_hal_hcd.o
 .text.HCD_RXQLVL_IRQHandler
                0x08003502      0x1a4 ./Drivers/STM32F4xx_HAL_Driver/Src/stm32f4xx_hal_hcd.o
 .text.HCD_Port_IRQHandler
                0x080036a6       0xe6 ./Drivers/STM32F4xx_HAL_Driver/Src/stm32f4xx_hal_hcd.o
 .text.HAL_I2C_Init
                0x0800378c      0x288 ./Drivers/STM32F4xx_HAL_Driver/Src/stm32f4xx_hal_i2c.o
                0x0800378c                HAL_I2C_Init
 .text.HAL_I2S_Init
                0x08003a14      0x280 ./Drivers/STM32F4xx_HAL_Driver/Src/stm32f4xx_hal_i2s.o
                0x08003a14                HAL_I2S_Init
 .text.HAL_I2S_TxCpltCallback
                0x08003c94       0x14 ./Drivers/STM32F4xx_HAL_Driver/Src/stm32f4xx_hal_i2s.o
                0x08003c94                HAL_I2S_TxCpltCallback
 .text.HAL_I2S_RxCpltCallback
                0x08003ca8       0x14 ./Drivers/STM32F4xx_HAL_Driver/Src/stm32f4xx_hal_i2s.o
                0x08003ca8                HAL_I2S_RxCpltCallback
 .text.HAL_I2S_ErrorCallback
                0x08003cbc       0x14 ./Drivers/STM32F4xx_HAL_Driver/Src/stm32f4xx_hal_i2s.o
                0x08003cbc                HAL_I2S_ErrorCallback
 .text.I2S_Transmit_IT
                0x08003cd0       0x5c ./Drivers/STM32F4xx_HAL_Driver/Src/stm32f4xx_hal_i2s.o
 .text.I2S_Receive_IT
                0x08003d2c       0x5e ./Drivers/STM32F4xx_HAL_Driver/Src/stm32f4xx_hal_i2s.o
 .text.I2S_IRQHandler
                0x08003d8a      0x114 ./Drivers/STM32F4xx_HAL_Driver/Src/stm32f4xx_hal_i2s.o
 *fill*         0x08003e9e        0x2 
 .text.HAL_I2SEx_FullDuplex_IRQHandler
                0x08003ea0      0x2a8 ./Drivers/STM32F4xx_HAL_Driver/Src/stm32f4xx_hal_i2s_ex.o
                0x08003ea0                HAL_I2SEx_FullDuplex_IRQHandler
 .text.HAL_I2SEx_TxRxCpltCallback
                0x08004148       0x14 ./Drivers/STM32F4xx_HAL_Driver/Src/stm32f4xx_hal_i2s_ex.o
                0x08004148                HAL_I2SEx_TxRxCpltCallback
 .text.I2SEx_TxISR_I2S
                0x0800415c       0x62 ./Drivers/STM32F4xx_HAL_Driver/Src/stm32f4xx_hal_i2s_ex.o
 *fill*         0x080041be        0x2 
 .text.I2SEx_TxISR_I2SExt
                0x080041c0       0x98 ./Drivers/STM32F4xx_HAL_Driver/Src/stm32f4xx_hal_i2s_ex.o
 .text.I2SEx_RxISR_I2S
                0x08004258       0x64 ./Drivers/STM32F4xx_HAL_Driver/Src/stm32f4xx_hal_i2s_ex.o
 .text.I2SEx_RxISR_I2SExt
                0x080042bc       0x98 ./Drivers/STM32F4xx_HAL_Driver/Src/stm32f4xx_hal_i2s_ex.o
 .text.HAL_RCC_OscConfig
                0x08004354      0x4f0 ./Drivers/STM32F4xx_HAL_Driver/Src/stm32f4xx_hal_rcc.o
                0x08004354                HAL_RCC_OscConfig
 .text.HAL_RCC_ClockConfig
                0x08004844      0x1cc ./Drivers/STM32F4xx_HAL_Driver/Src/stm32f4xx_hal_rcc.o
                0x08004844                HAL_RCC_ClockConfig
 .text.HAL_RCC_GetSysClockFreq
                0x08004a10      0x20c ./Drivers/STM32F4xx_HAL_Driver/Src/stm32f4xx_hal_rcc.o
                0x08004a10                HAL_RCC_GetSysClockFreq
 .text.HAL_RCC_GetHCLKFreq
                0x08004c1c       0x18 ./Drivers/STM32F4xx_HAL_Driver/Src/stm32f4xx_hal_rcc.o
                0x08004c1c                HAL_RCC_GetHCLKFreq
 .text.HAL_RCC_GetPCLK1Freq
                0x08004c34       0x28 ./Drivers/STM32F4xx_HAL_Driver/Src/stm32f4xx_hal_rcc.o
                0x08004c34                HAL_RCC_GetPCLK1Freq
 .text.HAL_RCC_GetPCLK2Freq
                0x08004c5c       0x28 ./Drivers/STM32F4xx_HAL_Driver/Src/stm32f4xx_hal_rcc.o
                0x08004c5c                HAL_RCC_GetPCLK2Freq
 .text.HAL_RCCEx_PeriphCLKConfig
                0x08004c84      0x1c4 ./Drivers/STM32F4xx_HAL_Driver/Src/stm32f4xx_hal_rcc_ex.o
                0x08004c84                HAL_RCCEx_PeriphCLKConfig
 .text.HAL_RCCEx_GetPeriphCLKFreq
                0x08004e48       0xbc ./Drivers/STM32F4xx_HAL_Driver/Src/stm32f4xx_hal_rcc_ex.o
                0x08004e48                HAL_RCCEx_GetPeriphCLKFreq
 .text.HAL_SPI_Init
                0x08004f04      0x112 ./Drivers/STM32F4xx_HAL_Driver/Src/stm32f4xx_hal_spi.o
                0x08004f04                HAL_SPI_Init
 .text.HAL_UART_Init
                0x08005016       0x9a ./Drivers/STM32F4xx_HAL_Driver/Src/stm32f4xx_hal_uart.o
                0x08005016                HAL_UART_Init
 .text.HAL_UART_Transmit_IT
                0x080050b0       0x8a ./Drivers/STM32F4xx_HAL_Driver/Src/stm32f4xx_hal_uart.o
                0x080050b0                HAL_UART_Transmit_IT
 *fill*         0x0800513a        0x2 
 .text.HAL_UART_IRQHandler
                0x0800513c      0x51c ./Drivers/STM32F4xx_HAL_Driver/Src/stm32f4xx_hal_uart.o
                0x0800513c                HAL_UART_IRQHandler
 .text.HAL_UART_TxCpltCallback
                0x08005658       0x14 ./Drivers/STM32F4xx_HAL_Driver/Src/stm32f4xx_hal_uart.o
                0x08005658                HAL_UART_TxCpltCallback
 .text.HAL_UART_ErrorCallback
                0x0800566c       0x14 ./Drivers/STM32F4xx_HAL_Driver/Src/stm32f4xx_hal_uart.o
                0x0800566c                HAL_UART_ErrorCallback
 .text.HAL_UARTEx_RxEventCallback
                0x08005680       0x18 ./Drivers/STM32F4xx_HAL_Driver/Src/stm32f4xx_hal_uart.o
                0x08005680                HAL_UARTEx_RxEventCallback
 .text.UART_EndRxTransfer
                0x08005698       0xc6 ./Drivers/STM32F4xx_HAL_Driver/Src/stm32f4xx_hal_uart.o
 .text.UART_DMAAbortOnError
                0x0800575e       0x28 ./Drivers/STM32F4xx_HAL_Driver/Src/stm32f4xx_hal_uart.o
 .text.UART_Transmit_IT
                0x08005786       0xa0 ./Drivers/STM32F4xx_HAL_Driver/Src/stm32f4xx_hal_uart.o
 .text.UART_EndTransmit_IT
                0x08005826       0x30 ./Drivers/STM32F4xx_HAL_Driver/Src/stm32f4xx_hal_uart.o
 .text.UART_Receive_IT
                0x08005856      0x176 ./Drivers/STM32F4xx_HAL_Driver/Src/stm32f4xx_hal_uart.o
 .text.UART_SetConfig
                0x080059cc      0x4e8 ./Drivers/STM32F4xx_HAL_Driver/Src/stm32f4xx_hal_uart.o
 .text.USB_CoreInit
                0x08005eb4       0xc2 ./Drivers/STM32F4xx_HAL_Driver/Src/stm32f4xx_ll_usb.o
                0x08005eb4                USB_CoreInit
 .text.USB_EnableGlobalInt
                0x08005f76       0x22 ./Drivers/STM32F4xx_HAL_Driver/Src/stm32f4xx_ll_usb.o
                0x08005f76                USB_EnableGlobalInt
 .text.USB_DisableGlobalInt
                0x08005f98       0x22 ./Drivers/STM32F4xx_HAL_Driver/Src/stm32f4xx_ll_usb.o
                0x08005f98                USB_DisableGlobalInt
 .text.USB_SetCurrentMode
                0x08005fba       0x98 ./Drivers/STM32F4xx_HAL_Driver/Src/stm32f4xx_ll_usb.o
                0x08005fba                USB_SetCurrentMode
 *fill*         0x08006052        0x2 
 .text.USB_FlushTxFifo
                0x08006054       0x68 ./Drivers/STM32F4xx_HAL_Driver/Src/stm32f4xx_ll_usb.o
                0x08006054                USB_FlushTxFifo
 .text.USB_FlushRxFifo
                0x080060bc       0x60 ./Drivers/STM32F4xx_HAL_Driver/Src/stm32f4xx_ll_usb.o
                0x080060bc                USB_FlushRxFifo
 .text.USB_WritePacket
                0x0800611c       0x7c ./Drivers/STM32F4xx_HAL_Driver/Src/stm32f4xx_ll_usb.o
                0x0800611c                USB_WritePacket
 .text.USB_ReadPacket
                0x08006198       0xb0 ./Drivers/STM32F4xx_HAL_Driver/Src/stm32f4xx_ll_usb.o
                0x08006198                USB_ReadPacket
 .text.USB_ReadInterrupts
                0x08006248       0x26 ./Drivers/STM32F4xx_HAL_Driver/Src/stm32f4xx_ll_usb.o
                0x08006248                USB_ReadInterrupts
 .text.USB_GetMode
                0x0800626e       0x1c ./Drivers/STM32F4xx_HAL_Driver/Src/stm32f4xx_ll_usb.o
                0x0800626e                USB_GetMode
 *fill*         0x0800628a        0x2 
 .text.USB_CoreReset
                0x0800628c       0x68 ./Drivers/STM32F4xx_HAL_Driver/Src/stm32f4xx_ll_usb.o
 .text.USB_HostInit
                0x080062f4      0x180 ./Drivers/STM32F4xx_HAL_Driver/Src/stm32f4xx_ll_usb.o
                0x080062f4                USB_HostInit
 .text.USB_InitFSLSPClkSel
                0x08006474       0x74 ./Drivers/STM32F4xx_HAL_Driver/Src/stm32f4xx_ll_usb.o
                0x08006474                USB_InitFSLSPClkSel
 .text.USB_ResetPort
                0x080064e8       0x54 ./Drivers/STM32F4xx_HAL_Driver/Src/stm32f4xx_ll_usb.o
                0x080064e8                USB_ResetPort
 .text.USB_DriveVbus
                0x0800653c       0x72 ./Drivers/STM32F4xx_HAL_Driver/Src/stm32f4xx_ll_usb.o
                0x0800653c                USB_DriveVbus
 .text.USB_GetHostSpeed
                0x080065ae       0x2e ./Drivers/STM32F4xx_HAL_Driver/Src/stm32f4xx_ll_usb.o
                0x080065ae                USB_GetHostSpeed
 .text.USB_GetCurrentFrame
                0x080065dc       0x22 ./Drivers/STM32F4xx_HAL_Driver/Src/stm32f4xx_ll_usb.o
                0x080065dc                USB_GetCurrentFrame
 *fill*         0x080065fe        0x2 
 .text.USB_HC_Init
                0x08006600      0x244 ./Drivers/STM32F4xx_HAL_Driver/Src/stm32f4xx_ll_usb.o
                0x08006600                USB_HC_Init
 .text.USB_HC_StartXfer
                0x08006844      0x284 ./Drivers/STM32F4xx_HAL_Driver/Src/stm32f4xx_ll_usb.o
                0x08006844                USB_HC_StartXfer
 .text.USB_HC_ReadInterrupt
                0x08006ac8       0x22 ./Drivers/STM32F4xx_HAL_Driver/Src/stm32f4xx_ll_usb.o
                0x08006ac8                USB_HC_ReadInterrupt
 .text.USB_HC_Halt
                0x08006aea      0x1f8 ./Drivers/STM32F4xx_HAL_Driver/Src/stm32f4xx_ll_usb.o
                0x08006aea                USB_HC_Halt
 *fill*         0x08006ce2        0x2 
 .text.USB_DoPing
                0x08006ce4       0x78 ./Drivers/STM32F4xx_HAL_Driver/Src/stm32f4xx_ll_usb.o
                0x08006ce4                USB_DoPing
 .text.USB_StopHost
                0x08006d5c      0x124 ./Drivers/STM32F4xx_HAL_Driver/Src/stm32f4xx_ll_usb.o
                0x08006d5c                USB_StopHost
 .text.USBH_CDC_InterfaceInit
                0x08006e80      0x2ac ./Middlewares/ST/STM32_USB_Host_Library/Class/CDC/Src/usbh_cdc.o
 .text.USBH_CDC_InterfaceDeInit
                0x0800712c       0xb2 ./Middlewares/ST/STM32_USB_Host_Library/Class/CDC/Src/usbh_cdc.o
 .text.USBH_CDC_ClassRequest
                0x080071de       0x3e ./Middlewares/ST/STM32_USB_Host_Library/Class/CDC/Src/usbh_cdc.o
 .text.USBH_CDC_Process
                0x0800721c      0x12c ./Middlewares/ST/STM32_USB_Host_Library/Class/CDC/Src/usbh_cdc.o
 .text.USBH_CDC_SOFProcess
                0x08007348       0x16 ./Middlewares/ST/STM32_USB_Host_Library/Class/CDC/Src/usbh_cdc.o
 .text.GetLineCoding
                0x0800735e       0x3e ./Middlewares/ST/STM32_USB_Host_Library/Class/CDC/Src/usbh_cdc.o
 .text.SetLineCoding
                0x0800739c       0x3e ./Middlewares/ST/STM32_USB_Host_Library/Class/CDC/Src/usbh_cdc.o
 .text.CDC_ProcessTransmission
                0x080073da       0xec ./Middlewares/ST/STM32_USB_Host_Library/Class/CDC/Src/usbh_cdc.o
 .text.CDC_ProcessReception
                0x080074c6       0xb6 ./Middlewares/ST/STM32_USB_Host_Library/Class/CDC/Src/usbh_cdc.o
 .text.USBH_CDC_TransmitCallback
                0x0800757c       0x14 ./Middlewares/ST/STM32_USB_Host_Library/Class/CDC/Src/usbh_cdc.o
                0x0800757c                USBH_CDC_TransmitCallback
 .text.USBH_CDC_ReceiveCallback
                0x08007590       0x14 ./Middlewares/ST/STM32_USB_Host_Library/Class/CDC/Src/usbh_cdc.o
                0x08007590                USBH_CDC_ReceiveCallback
 .text.USBH_CDC_LineCodingChanged
                0x080075a4       0x14 ./Middlewares/ST/STM32_USB_Host_Library/Class/CDC/Src/usbh_cdc.o
                0x080075a4                USBH_CDC_LineCodingChanged
 .text.USBH_Init
                0x080075b8       0x74 ./Middlewares/ST/STM32_USB_Host_Library/Core/Src/usbh_core.o
                0x080075b8                USBH_Init
 .text.DeInitStateMachine
                0x0800762c       0xa8 ./Middlewares/ST/STM32_USB_Host_Library/Core/Src/usbh_core.o
 .text.USBH_RegisterClass
                0x080076d4       0x54 ./Middlewares/ST/STM32_USB_Host_Library/Core/Src/usbh_core.o
                0x080076d4                USBH_RegisterClass
 .text.USBH_SelectInterface
                0x08007728       0x38 ./Middlewares/ST/STM32_USB_Host_Library/Core/Src/usbh_core.o
                0x08007728                USBH_SelectInterface
 .text.USBH_FindInterface
                0x08007760       0x8c ./Middlewares/ST/STM32_USB_Host_Library/Core/Src/usbh_core.o
                0x08007760                USBH_FindInterface
 .text.USBH_Start
                0x080077ec       0x20 ./Middlewares/ST/STM32_USB_Host_Library/Core/Src/usbh_core.o
                0x080077ec                USBH_Start
 .text.USBH_Process
                0x0800780c      0x3d0 ./Middlewares/ST/STM32_USB_Host_Library/Core/Src/usbh_core.o
                0x0800780c                USBH_Process
 .text.USBH_HandleEnum
                0x08007bdc      0x3c0 ./Middlewares/ST/STM32_USB_Host_Library/Core/Src/usbh_core.o
 .text.USBH_LL_SetTimer
                0x08007f9c       0x1e ./Middlewares/ST/STM32_USB_Host_Library/Core/Src/usbh_core.o
                0x08007f9c                USBH_LL_SetTimer
 .text.USBH_LL_IncTimer
                0x08007fba       0x24 ./Middlewares/ST/STM32_USB_Host_Library/Core/Src/usbh_core.o
                0x08007fba                USBH_LL_IncTimer
 .text.USBH_HandleSof
                0x08007fde       0x30 ./Middlewares/ST/STM32_USB_Host_Library/Core/Src/usbh_core.o
 .text.USBH_LL_PortEnabled
                0x0800800e       0x1c ./Middlewares/ST/STM32_USB_Host_Library/Core/Src/usbh_core.o
                0x0800800e                USBH_LL_PortEnabled
 .text.USBH_LL_PortDisabled
                0x0800802a       0x1c ./Middlewares/ST/STM32_USB_Host_Library/Core/Src/usbh_core.o
                0x0800802a                USBH_LL_PortDisabled
 .text.USBH_LL_Connect
                0x08008046       0x2e ./Middlewares/ST/STM32_USB_Host_Library/Core/Src/usbh_core.o
                0x08008046                USBH_LL_Connect
 .text.USBH_LL_Disconnect
                0x08008074       0x48 ./Middlewares/ST/STM32_USB_Host_Library/Core/Src/usbh_core.o
                0x08008074                USBH_LL_Disconnect
 .text.USBH_Get_DevDesc
                0x080080bc       0x50 ./Middlewares/ST/STM32_USB_Host_Library/Core/Src/usbh_ctlreq.o
                0x080080bc                USBH_Get_DevDesc
 .text.USBH_Get_CfgDesc
                0x0800810c       0x48 ./Middlewares/ST/STM32_USB_Host_Library/Core/Src/usbh_ctlreq.o
                0x0800810c                USBH_Get_CfgDesc
 .text.USBH_Get_StringDesc
                0x08008154       0x56 ./Middlewares/ST/STM32_USB_Host_Library/Core/Src/usbh_ctlreq.o
                0x08008154                USBH_Get_StringDesc
 .text.USBH_GetDescriptor
                0x080081aa       0x6a ./Middlewares/ST/STM32_USB_Host_Library/Core/Src/usbh_ctlreq.o
                0x080081aa                USBH_GetDescriptor
 .text.USBH_SetAddress
                0x08008214       0x48 ./Middlewares/ST/STM32_USB_Host_Library/Core/Src/usbh_ctlreq.o
                0x08008214                USBH_SetAddress
 .text.USBH_SetCfg
                0x0800825c       0x46 ./Middlewares/ST/STM32_USB_Host_Library/Core/Src/usbh_ctlreq.o
                0x0800825c                USBH_SetCfg
 .text.USBH_SetFeature
                0x080082a2       0x48 ./Middlewares/ST/STM32_USB_Host_Library/Core/Src/usbh_ctlreq.o
                0x080082a2                USBH_SetFeature
 .text.USBH_ClrFeature
                0x080082ea       0x48 ./Middlewares/ST/STM32_USB_Host_Library/Core/Src/usbh_ctlreq.o
                0x080082ea                USBH_ClrFeature
 *fill*         0x08008332        0x2 
 .text.USBH_ParseDevDesc
                0x08008334      0x11c ./Middlewares/ST/STM32_USB_Host_Library/Core/Src/usbh_ctlreq.o
 .text.USBH_ParseCfgDesc
                0x08008450      0x1ea ./Middlewares/ST/STM32_USB_Host_Library/Core/Src/usbh_ctlreq.o
 .text.USBH_ParseInterfaceDesc
                0x0800863a       0x5e ./Middlewares/ST/STM32_USB_Host_Library/Core/Src/usbh_ctlreq.o
 .text.USBH_ParseEPDesc
                0x08008698      0x144 ./Middlewares/ST/STM32_USB_Host_Library/Core/Src/usbh_ctlreq.o
 .text.USBH_ParseStringDesc
                0x080087dc       0x66 ./Middlewares/ST/STM32_USB_Host_Library/Core/Src/usbh_ctlreq.o
 .text.USBH_GetNextDesc
                0x08008842       0x34 ./Middlewares/ST/STM32_USB_Host_Library/Core/Src/usbh_ctlreq.o
                0x08008842                USBH_GetNextDesc
 .text.USBH_CtlReq
                0x08008876       0x7a ./Middlewares/ST/STM32_USB_Host_Library/Core/Src/usbh_ctlreq.o
                0x08008876                USBH_CtlReq
 .text.USBH_HandleControl
                0x080088f0      0x2e8 ./Middlewares/ST/STM32_USB_Host_Library/Core/Src/usbh_ctlreq.o
 .text.USBH_CtlSendSetup
                0x08008bd8       0x34 ./Middlewares/ST/STM32_USB_Host_Library/Core/Src/usbh_ioreq.o
                0x08008bd8                USBH_CtlSendSetup
 .text.USBH_CtlSendData
                0x08008c0c       0x4a ./Middlewares/ST/STM32_USB_Host_Library/Core/Src/usbh_ioreq.o
                0x08008c0c                USBH_CtlSendData
 .text.USBH_CtlReceiveData
                0x08008c56       0x3c ./Middlewares/ST/STM32_USB_Host_Library/Core/Src/usbh_ioreq.o
                0x08008c56                USBH_CtlReceiveData
 .text.USBH_BulkSendData
                0x08008c92       0x4a ./Middlewares/ST/STM32_USB_Host_Library/Core/Src/usbh_ioreq.o
                0x08008c92                USBH_BulkSendData
 .text.USBH_BulkReceiveData
                0x08008cdc       0x3c ./Middlewares/ST/STM32_USB_Host_Library/Core/Src/usbh_ioreq.o
                0x08008cdc                USBH_BulkReceiveData
 .text.USBH_OpenPipe
                0x08008d18       0x3e ./Middlewares/ST/STM32_USB_Host_Library/Core/Src/usbh_pipes.o
                0x08008d18                USBH_OpenPipe
 .text.USBH_ClosePipe
                0x08008d56       0x20 ./Middlewares/ST/STM32_USB_Host_Library/Core/Src/usbh_pipes.o
                0x08008d56                USBH_ClosePipe
 .text.USBH_AllocPipe
                0x08008d76       0x42 ./Middlewares/ST/STM32_USB_Host_Library/Core/Src/usbh_pipes.o
                0x08008d76                USBH_AllocPipe
 .text.USBH_FreePipe
                0x08008db8       0x3c ./Middlewares/ST/STM32_USB_Host_Library/Core/Src/usbh_pipes.o
                0x08008db8                USBH_FreePipe
 .text.USBH_GetFreePipe
                0x08008df4       0x48 ./Middlewares/ST/STM32_USB_Host_Library/Core/Src/usbh_pipes.o
 .text.MX_USB_HOST_Init
                0x08008e3c       0x4c ./USB_HOST/App/usb_host.o
                0x08008e3c                MX_USB_HOST_Init
 .text.MX_USB_HOST_Process
                0x08008e88       0x14 ./USB_HOST/App/usb_host.o
                0x08008e88                MX_USB_HOST_Process
 .text.USBH_UserProcess
                0x08008e9c       0x5c ./USB_HOST/App/usb_host.o
 .text.HAL_HCD_MspInit
                0x08008ef8       0xc4 ./USB_HOST/Target/usbh_conf.o
                0x08008ef8                HAL_HCD_MspInit
 .text.HAL_HCD_SOF_Callback
                0x08008fbc       0x1c ./USB_HOST/Target/usbh_conf.o
                0x08008fbc                HAL_HCD_SOF_Callback
 .text.HAL_HCD_Connect_Callback
                0x08008fd8       0x1c ./USB_HOST/Target/usbh_conf.o
                0x08008fd8                HAL_HCD_Connect_Callback
 .text.HAL_HCD_Disconnect_Callback
                0x08008ff4       0x1c ./USB_HOST/Target/usbh_conf.o
                0x08008ff4                HAL_HCD_Disconnect_Callback
 .text.HAL_HCD_HC_NotifyURBChange_Callback
                0x08009010       0x1c ./USB_HOST/Target/usbh_conf.o
                0x08009010                HAL_HCD_HC_NotifyURBChange_Callback
 .text.HAL_HCD_PortEnabled_Callback
                0x0800902c       0x1c ./USB_HOST/Target/usbh_conf.o
                0x0800902c                HAL_HCD_PortEnabled_Callback
 .text.HAL_HCD_PortDisabled_Callback
                0x08009048       0x1c ./USB_HOST/Target/usbh_conf.o
                0x08009048                HAL_HCD_PortDisabled_Callback
 .text.USBH_LL_Init
                0x08009064       0x78 ./USB_HOST/Target/usbh_conf.o
                0x08009064                USBH_LL_Init
 .text.USBH_LL_Start
                0x080090dc       0x36 ./USB_HOST/Target/usbh_conf.o
                0x080090dc                USBH_LL_Start
 .text.USBH_LL_Stop
                0x08009112       0x36 ./USB_HOST/Target/usbh_conf.o
                0x08009112                USBH_LL_Stop
 .text.USBH_LL_GetSpeed
                0x08009148       0x4e ./USB_HOST/Target/usbh_conf.o
                0x08009148                USBH_LL_GetSpeed
 .text.USBH_LL_ResetPort
                0x08009196       0x36 ./USB_HOST/Target/usbh_conf.o
                0x08009196                USBH_LL_ResetPort
 .text.USBH_LL_GetLastXferSize
                0x080091cc       0x26 ./USB_HOST/Target/usbh_conf.o
                0x080091cc                USBH_LL_GetLastXferSize
 .text.USBH_LL_OpenPipe
                0x080091f2       0x5e ./USB_HOST/Target/usbh_conf.o
                0x080091f2                USBH_LL_OpenPipe
 .text.USBH_LL_ClosePipe
                0x08009250       0x3e ./USB_HOST/Target/usbh_conf.o
                0x08009250                USBH_LL_ClosePipe
 .text.USBH_LL_SubmitURB
                0x0800928e       0x62 ./USB_HOST/Target/usbh_conf.o
                0x0800928e                USBH_LL_SubmitURB
 .text.USBH_LL_GetURBState
                0x080092f0       0x26 ./USB_HOST/Target/usbh_conf.o
                0x080092f0                USBH_LL_GetURBState
 .text.USBH_LL_DriverVBUS
                0x08009316       0x2e ./USB_HOST/Target/usbh_conf.o
                0x08009316                USBH_LL_DriverVBUS
 .text.USBH_LL_SetToggle
                0x08009344       0x60 ./USB_HOST/Target/usbh_conf.o
                0x08009344                USBH_LL_SetToggle
 .text.USBH_Delay
                0x080093a4       0x16 ./USB_HOST/Target/usbh_conf.o
                0x080093a4                USBH_Delay
 *fill*         0x080093ba        0x2 
 .text.USBH_Get_USB_Status
                0x080093bc       0x58 ./USB_HOST/Target/usbh_conf.o
                0x080093bc                USBH_Get_USB_Status
 .text.MX_DriverVbusFS
                0x08009414       0x38 ./USB_HOST/Target/usbh_platform.o
                0x08009414                MX_DriverVbusFS
 .text.malloc   0x0800944c       0x10 C:/ST/STM32CubeIDE_1.12.0/STM32CubeIDE/plugins/com.st.stm32cube.ide.mcu.externaltools.gnu-tools-for-stm32.13.3.rel1.win32_1.0.0.202411081344/tools/bin/../lib/gcc/arm-none-eabi/13.3.1/../../../../arm-none-eabi/lib/thumb/v7e-m+fp/hard\libc_nano.a(libc_a-malloc.o)
                0x0800944c                malloc
 .text.free     0x0800945c       0x10 C:/ST/STM32CubeIDE_1.12.0/STM32CubeIDE/plugins/com.st.stm32cube.ide.mcu.externaltools.gnu-tools-for-stm32.13.3.rel1.win32_1.0.0.202411081344/tools/bin/../lib/gcc/arm-none-eabi/13.3.1/../../../../arm-none-eabi/lib/thumb/v7e-m+fp/hard\libc_nano.a(libc_a-malloc.o)
                0x0800945c                free
 .text.sbrk_aligned
                0x0800946c       0x44 C:/ST/STM32CubeIDE_1.12.0/STM32CubeIDE/plugins/com.st.stm32cube.ide.mcu.externaltools.gnu-tools-for-stm32.13.3.rel1.win32_1.0.0.202411081344/tools/bin/../lib/gcc/arm-none-eabi/13.3.1/../../../../arm-none-eabi/lib/thumb/v7e-m+fp/hard\libc_nano.a(libc_a-mallocr.o)
 .text._malloc_r
                0x080094b0      0x100 C:/ST/STM32CubeIDE_1.12.0/STM32CubeIDE/plugins/com.st.stm32cube.ide.mcu.externaltools.gnu-tools-for-stm32.13.3.rel1.win32_1.0.0.202411081344/tools/bin/../lib/gcc/arm-none-eabi/13.3.1/../../../../arm-none-eabi/lib/thumb/v7e-m+fp/hard\libc_nano.a(libc_a-mallocr.o)
                0x080094b0                _malloc_r
 .text.__malloc_lock
                0x080095b0        0xc C:/ST/STM32CubeIDE_1.12.0/STM32CubeIDE/plugins/com.st.stm32cube.ide.mcu.externaltools.gnu-tools-for-stm32.13.3.rel1.win32_1.0.0.202411081344/tools/bin/../lib/gcc/arm-none-eabi/13.3.1/../../../../arm-none-eabi/lib/thumb/v7e-m+fp/hard\libc_nano.a(libc_a-mlock.o)
                0x080095b0                __malloc_lock
 .text.__malloc_unlock
                0x080095bc        0xc C:/ST/STM32CubeIDE_1.12.0/STM32CubeIDE/plugins/com.st.stm32cube.ide.mcu.externaltools.gnu-tools-for-stm32.13.3.rel1.win32_1.0.0.202411081344/tools/bin/../lib/gcc/arm-none-eabi/13.3.1/../../../../arm-none-eabi/lib/thumb/v7e-m+fp/hard\libc_nano.a(libc_a-mlock.o)
                0x080095bc                __malloc_unlock
 .text.memset   0x080095c8       0x10 C:/ST/STM32CubeIDE_1.12.0/STM32CubeIDE/plugins/com.st.stm32cube.ide.mcu.externaltools.gnu-tools-for-stm32.13.3.rel1.win32_1.0.0.202411081344/tools/bin/../lib/gcc/arm-none-eabi/13.3.1/../../../../arm-none-eabi/lib/thumb/v7e-m+fp/hard\libc_nano.a(libc_a-memset.o)
                0x080095c8                memset
 .text._sbrk_r  0x080095d8       0x20 C:/ST/STM32CubeIDE_1.12.0/STM32CubeIDE/plugins/com.st.stm32cube.ide.mcu.externaltools.gnu-tools-for-stm32.13.3.rel1.win32_1.0.0.202411081344/tools/bin/../lib/gcc/arm-none-eabi/13.3.1/../../../../arm-none-eabi/lib/thumb/v7e-m+fp/hard\libc_nano.a(libc_a-sbrkr.o)
                0x080095d8                _sbrk_r
 .text.__errno  0x080095f8        0xc C:/ST/STM32CubeIDE_1.12.0/STM32CubeIDE/plugins/com.st.stm32cube.ide.mcu.externaltools.gnu-tools-for-stm32.13.3.rel1.win32_1.0.0.202411081344/tools/bin/../lib/gcc/arm-none-eabi/13.3.1/../../../../arm-none-eabi/lib/thumb/v7e-m+fp/hard\libc_nano.a(libc_a-errno.o)
                0x080095f8                __errno
 .text.__libc_init_array
                0x08009604       0x48 C:/ST/STM32CubeIDE_1.12.0/STM32CubeIDE/plugins/com.st.stm32cube.ide.mcu.externaltools.gnu-tools-for-stm32.13.3.rel1.win32_1.0.0.202411081344/tools/bin/../lib/gcc/arm-none-eabi/13.3.1/../../../../arm-none-eabi/lib/thumb/v7e-m+fp/hard\libc_nano.a(libc_a-init.o)
                0x08009604                __libc_init_array
 .text.__retarget_lock_acquire_recursive
                0x0800964c        0x2 C:/ST/STM32CubeIDE_1.12.0/STM32CubeIDE/plugins/com.st.stm32cube.ide.mcu.externaltools.gnu-tools-for-stm32.13.3.rel1.win32_1.0.0.202411081344/tools/bin/../lib/gcc/arm-none-eabi/13.3.1/../../../../arm-none-eabi/lib/thumb/v7e-m+fp/hard\libc_nano.a(libc_a-lock.o)
                0x0800964c                __retarget_lock_acquire_recursive
 .text.__retarget_lock_release_recursive
                0x0800964e        0x2 C:/ST/STM32CubeIDE_1.12.0/STM32CubeIDE/plugins/com.st.stm32cube.ide.mcu.externaltools.gnu-tools-for-stm32.13.3.rel1.win32_1.0.0.202411081344/tools/bin/../lib/gcc/arm-none-eabi/13.3.1/../../../../arm-none-eabi/lib/thumb/v7e-m+fp/hard\libc_nano.a(libc_a-lock.o)
                0x0800964e                __retarget_lock_release_recursive
 .text.memcpy   0x08009650       0x1c C:/ST/STM32CubeIDE_1.12.0/STM32CubeIDE/plugins/com.st.stm32cube.ide.mcu.externaltools.gnu-tools-for-stm32.13.3.rel1.win32_1.0.0.202411081344/tools/bin/../lib/gcc/arm-none-eabi/13.3.1/../../../../arm-none-eabi/lib/thumb/v7e-m+fp/hard\libc_nano.a(libc_a-memcpy-stub.o)
                0x08009650                memcpy
 .text._free_r  0x0800966c       0x94 C:/ST/STM32CubeIDE_1.12.0/STM32CubeIDE/plugins/com.st.stm32cube.ide.mcu.externaltools.gnu-tools-for-stm32.13.3.rel1.win32_1.0.0.202411081344/tools/bin/../lib/gcc/arm-none-eabi/13.3.1/../../../../arm-none-eabi/lib/thumb/v7e-m+fp/hard\libc_nano.a(libc_a-freer.o)
                0x0800966c                _free_r
 *(.glue_7)
 .glue_7        0x08009700        0x0 linker stubs
 *(.glue_7t)
 .glue_7t       0x08009700        0x0 linker stubs
 *(.eh_frame)
 .eh_frame      0x08009700        0x0 C:/ST/STM32CubeIDE_1.12.0/STM32CubeIDE/plugins/com.st.stm32cube.ide.mcu.externaltools.gnu-tools-for-stm32.13.3.rel1.win32_1.0.0.202411081344/tools/bin/../lib/gcc/arm-none-eabi/13.3.1/thumb/v7e-m+fp/hard/crtbegin.o
 *(.init)
 .init          0x08009700        0x4 C:/ST/STM32CubeIDE_1.12.0/STM32CubeIDE/plugins/com.st.stm32cube.ide.mcu.externaltools.gnu-tools-for-stm32.13.3.rel1.win32_1.0.0.202411081344/tools/bin/../lib/gcc/arm-none-eabi/13.3.1/thumb/v7e-m+fp/hard/crti.o
                0x08009700                _init
 .init          0x08009704        0x8 C:/ST/STM32CubeIDE_1.12.0/STM32CubeIDE/plugins/com.st.stm32cube.ide.mcu.externaltools.gnu-tools-for-stm32.13.3.rel1.win32_1.0.0.202411081344/tools/bin/../lib/gcc/arm-none-eabi/13.3.1/thumb/v7e-m+fp/hard/crtn.o
 *(.fini)
 .fini          0x0800970c        0x4 C:/ST/STM32CubeIDE_1.12.0/STM32CubeIDE/plugins/com.st.stm32cube.ide.mcu.externaltools.gnu-tools-for-stm32.13.3.rel1.win32_1.0.0.202411081344/tools/bin/../lib/gcc/arm-none-eabi/13.3.1/thumb/v7e-m+fp/hard/crti.o
                0x0800970c                _fini
 .fini          0x08009710        0x8 C:/ST/STM32CubeIDE_1.12.0/STM32CubeIDE/plugins/com.st.stm32cube.ide.mcu.externaltools.gnu-tools-for-stm32.13.3.rel1.win32_1.0.0.202411081344/tools/bin/../lib/gcc/arm-none-eabi/13.3.1/thumb/v7e-m+fp/hard/crtn.o
                0x08009718                        . = ALIGN (0x4)
                0x08009718                        _etext = .

.vfp11_veneer   0x08009718        0x0
 .vfp11_veneer  0x08009718        0x0 linker stubs

.v4_bx          0x08009718        0x0
 .v4_bx         0x08009718        0x0 linker stubs

.iplt           0x08009718        0x0
 .iplt          0x08009718        0x0 C:/ST/STM32CubeIDE_1.12.0/STM32CubeIDE/plugins/com.st.stm32cube.ide.mcu.externaltools.gnu-tools-for-stm32.13.3.rel1.win32_1.0.0.202411081344/tools/bin/../lib/gcc/arm-none-eabi/13.3.1/thumb/v7e-m+fp/hard/crtbegin.o

.rodata         0x08009718      0x128
                0x08009718                        . = ALIGN (0x4)
 *(.rodata)
 .rodata        0x08009718        0x4 ./Middlewares/ST/STM32_USB_Host_Library/Class/CDC/Src/usbh_cdc.o
 *(.rodata*)
 .rodata.sbox   0x0800971c      0x100 ./Core/Src/aes.o
 .rodata.Rcon   0x0800981c        0xb ./Core/Src/aes.o
 *fill*         0x08009827        0x1 
 .rodata.AHBPrescTable
                0x08009828       0x10 ./Core/Src/system_stm32f4xx.o
                0x08009828                AHBPrescTable
 .rodata.APBPrescTable
                0x08009838        0x8 ./Core/Src/system_stm32f4xx.o
                0x08009838                APBPrescTable
                0x08009840                        . = ALIGN (0x4)

.ARM.extab      0x08009840        0x0
                0x08009840                        . = ALIGN (0x4)
 *(.ARM.extab* .gnu.linkonce.armextab.*)
                0x08009840                        . = ALIGN (0x4)

.ARM            0x08009840        0x8
                0x08009840                        . = ALIGN (0x4)
                0x08009840                        __exidx_start = .
 *(.ARM.exidx*)
 .ARM.exidx     0x08009840        0x8 C:/ST/STM32CubeIDE_1.12.0/STM32CubeIDE/plugins/com.st.stm32cube.ide.mcu.externaltools.gnu-tools-for-stm32.13.3.rel1.win32_1.0.0.202411081344/tools/bin/../lib/gcc/arm-none-eabi/13.3.1/thumb/v7e-m+fp/hard\libgcc.a(_udivmoddi4.o)
                0x08009848                        __exidx_end = .
                0x08009848                        . = ALIGN (0x4)

.rel.dyn        0x08009848        0x0
 .rel.iplt      0x08009848        0x0 C:/ST/STM32CubeIDE_1.12.0/STM32CubeIDE/plugins/com.st.stm32cube.ide.mcu.externaltools.gnu-tools-for-stm32.13.3.rel1.win32_1.0.0.202411081344/tools/bin/../lib/gcc/arm-none-eabi/13.3.1/thumb/v7e-m+fp/hard/crtbegin.o

.preinit_array  0x08009848        0x0
                0x08009848                        . = ALIGN (0x4)
                0x08009848                        PROVIDE (__preinit_array_start = .)
 *(.preinit_array*)
                0x08009848                        PROVIDE (__preinit_array_end = .)
                0x08009848                        . = ALIGN (0x4)

.init_array     0x08009848        0x4
                0x08009848                        . = ALIGN (0x4)
                0x08009848                        PROVIDE (__init_array_start = .)
 *(SORT_BY_NAME(.init_array.*))
 *(.init_array*)
 .init_array    0x08009848        0x4 C:/ST/STM32CubeIDE_1.12.0/STM32CubeIDE/plugins/com.st.stm32cube.ide.mcu.externaltools.gnu-tools-for-stm32.13.3.rel1.win32_1.0.0.202411081344/tools/bin/../lib/gcc/arm-none-eabi/13.3.1/thumb/v7e-m+fp/hard/crtbegin.o
                0x0800984c                        PROVIDE (__init_array_end = .)
                0x0800984c                        . = ALIGN (0x4)

.fini_array     0x0800984c        0x4
                0x0800984c                        . = ALIGN (0x4)
                [!provide]                        PROVIDE (__fini_array_start = .)
 *(SORT_BY_NAME(.fini_array.*))
 *(.fini_array*)
 .fini_array    0x0800984c        0x4 C:/ST/STM32CubeIDE_1.12.0/STM32CubeIDE/plugins/com.st.stm32cube.ide.mcu.externaltools.gnu-tools-for-stm32.13.3.rel1.win32_1.0.0.202411081344/tools/bin/../lib/gcc/arm-none-eabi/13.3.1/thumb/v7e-m+fp/hard/crtbegin.o
                [!provide]                        PROVIDE (__fini_array_end = .)
                0x08009850                        . = ALIGN (0x4)
                0x08009850                        _sidata = LOADADDR (.data)

.data           0x20000000       0xdc load address 0x08009850
                0x20000000                        . = ALIGN (0x4)
                0x20000000                        _sdata = .
 *(.data)
 *(.data*)
 .data.pad      0x20000000       0x40 ./Core/Src/SHA1.o
 .data.aes_key  0x20000040       0x10 ./Core/Src/main.o
                0x20000040                aes_key
 .data.mesaj    0x20000050       0x10 ./Core/Src/main.o
                0x20000050                mesaj
 .data.SystemCoreClock
                0x20000060        0x4 ./Core/Src/system_stm32f4xx.o
                0x20000060                SystemCoreClock
 .data.uwTickPrio
                0x20000064        0x4 ./Drivers/STM32F4xx_HAL_Driver/Src/stm32f4xx_hal.o
                0x20000064                uwTickPrio
 .data.uwTickFreq
                0x20000068        0x1 ./Drivers/STM32F4xx_HAL_Driver/Src/stm32f4xx_hal.o
                0x20000068                uwTickFreq
 *fill*         0x20000069        0x3 
 .data.CDC_Class
                0x2000006c       0x20 ./Middlewares/ST/STM32_USB_Host_Library/Class/CDC/Src/usbh_cdc.o
                0x2000006c                CDC_Class
 .data._impure_ptr
                0x2000008c        0x4 C:/ST/STM32CubeIDE_1.12.0/STM32CubeIDE/plugins/com.st.stm32cube.ide.mcu.externaltools.gnu-tools-for-stm32.13.3.rel1.win32_1.0.0.202411081344/tools/bin/../lib/gcc/arm-none-eabi/13.3.1/../../../../arm-none-eabi/lib/thumb/v7e-m+fp/hard\libc_nano.a(libc_a-impure.o)
                0x2000008c                _impure_ptr
 .data._impure_data
                0x20000090       0x4c C:/ST/STM32CubeIDE_1.12.0/STM32CubeIDE/plugins/com.st.stm32cube.ide.mcu.externaltools.gnu-tools-for-stm32.13.3.rel1.win32_1.0.0.202411081344/tools/bin/../lib/gcc/arm-none-eabi/13.3.1/../../../../arm-none-eabi/lib/thumb/v7e-m+fp/hard\libc_nano.a(libc_a-impure.o)
                0x20000090                _impure_data
 *(.RamFunc)
 *(.RamFunc*)
                0x200000dc                        . = ALIGN (0x4)
                0x200000dc                        _edata = .
                0x0800992c                        _siccmram = LOADADDR (.ccmram)

.igot.plt       0x200000dc        0x0 load address 0x0800992c
 .igot.plt      0x200000dc        0x0 C:/ST/STM32CubeIDE_1.12.0/STM32CubeIDE/plugins/com.st.stm32cube.ide.mcu.externaltools.gnu-tools-for-stm32.13.3.rel1.win32_1.0.0.202411081344/tools/bin/../lib/gcc/arm-none-eabi/13.3.1/thumb/v7e-m+fp/hard/crtbegin.o

.ccmram         0x10000000        0x0 load address 0x0800992c
                0x10000000                        . = ALIGN (0x4)
                0x10000000                        _sccmram = .
 *(.ccmram)
 *(.ccmram*)
                0x10000000                        . = ALIGN (0x4)
                0x10000000                        _eccmram = .
                0x10000000                        . = ALIGN (0x4)

.bss            0x200000dc      0x9cc
                0x200000dc                        _sbss = .
                0x200000dc                        __bss_start__ = _sbss
 *(.bss)
 .bss           0x200000dc       0x1c C:/ST/STM32CubeIDE_1.12.0/STM32CubeIDE/plugins/com.st.stm32cube.ide.mcu.externaltools.gnu-tools-for-stm32.13.3.rel1.win32_1.0.0.202411081344/tools/bin/../lib/gcc/arm-none-eabi/13.3.1/thumb/v7e-m+fp/hard/crtbegin.o
 *(.bss*)
 .bss.encrypted
                0x200000f8       0x10 ./Core/Src/main.o
                0x200000f8                encrypted
 .bss.Transmit_Data
                0x20000108       0x24 ./Core/Src/main.o
                0x20000108                Transmit_Data
 .bss.output_hash
                0x2000012c       0x14 ./Core/Src/main.o
                0x2000012c                output_hash
 .bss.hi2c1     0x20000140       0x54 ./Core/Src/main.o
                0x20000140                hi2c1
 .bss.hi2s3     0x20000194       0x48 ./Core/Src/main.o
                0x20000194                hi2s3
 .bss.hspi1     0x200001dc       0x58 ./Core/Src/main.o
                0x200001dc                hspi1
 .bss.huart2    0x20000234       0x44 ./Core/Src/main.o
                0x20000234                huart2
 .bss.__sbrk_heap_end
                0x20000278        0x4 ./Core/Src/sysmem.o
 .bss.uwTick    0x2000027c        0x4 ./Drivers/STM32F4xx_HAL_Driver/Src/stm32f4xx_hal.o
                0x2000027c                uwTick
 .bss.hUsbHostFS
                0x20000280      0x3d8 ./USB_HOST/App/usb_host.o
                0x20000280                hUsbHostFS
 .bss.Appli_state
                0x20000658        0x1 ./USB_HOST/App/usb_host.o
                0x20000658                Appli_state
 *fill*         0x20000659        0x3 
 .bss.hhcd_USB_OTG_FS
                0x2000065c      0x304 ./USB_HOST/Target/usbh_conf.o
                0x2000065c                hhcd_USB_OTG_FS
 .bss.__malloc_sbrk_start
                0x20000960        0x4 C:/ST/STM32CubeIDE_1.12.0/STM32CubeIDE/plugins/com.st.stm32cube.ide.mcu.externaltools.gnu-tools-for-stm32.13.3.rel1.win32_1.0.0.202411081344/tools/bin/../lib/gcc/arm-none-eabi/13.3.1/../../../../arm-none-eabi/lib/thumb/v7e-m+fp/hard\libc_nano.a(libc_a-mallocr.o)
                0x20000960                __malloc_sbrk_start
 .bss.__malloc_free_list
                0x20000964        0x4 C:/ST/STM32CubeIDE_1.12.0/STM32CubeIDE/plugins/com.st.stm32cube.ide.mcu.externaltools.gnu-tools-for-stm32.13.3.rel1.win32_1.0.0.202411081344/tools/bin/../lib/gcc/arm-none-eabi/13.3.1/../../../../arm-none-eabi/lib/thumb/v7e-m+fp/hard\libc_nano.a(libc_a-mallocr.o)
                0x20000964                __malloc_free_list
 .bss.__sf      0x20000968      0x138 C:/ST/STM32CubeIDE_1.12.0/STM32CubeIDE/plugins/com.st.stm32cube.ide.mcu.externaltools.gnu-tools-for-stm32.13.3.rel1.win32_1.0.0.202411081344/tools/bin/../lib/gcc/arm-none-eabi/13.3.1/../../../../arm-none-eabi/lib/thumb/v7e-m+fp/hard\libc_nano.a(libc_a-findfp.o)
                0x20000968                __sf
 .bss.errno     0x20000aa0        0x4 C:/ST/STM32CubeIDE_1.12.0/STM32CubeIDE/plugins/com.st.stm32cube.ide.mcu.externaltools.gnu-tools-for-stm32.13.3.rel1.win32_1.0.0.202411081344/tools/bin/../lib/gcc/arm-none-eabi/13.3.1/../../../../arm-none-eabi/lib/thumb/v7e-m+fp/hard\libc_nano.a(libc_a-reent.o)
                0x20000aa0                errno
 .bss.__lock___malloc_recursive_mutex
                0x20000aa4        0x1 C:/ST/STM32CubeIDE_1.12.0/STM32CubeIDE/plugins/com.st.stm32cube.ide.mcu.externaltools.gnu-tools-for-stm32.13.3.rel1.win32_1.0.0.202411081344/tools/bin/../lib/gcc/arm-none-eabi/13.3.1/../../../../arm-none-eabi/lib/thumb/v7e-m+fp/hard\libc_nano.a(libc_a-lock.o)
                0x20000aa4                __lock___malloc_recursive_mutex
 *(COMMON)
                0x20000aa8                        . = ALIGN (0x4)
 *fill*         0x20000aa5        0x3 
                0x20000aa8                        _ebss = .
                0x20000aa8                        __bss_end__ = _ebss

._user_heap_stack
                0x20000aa8      0x600
                0x20000aa8                        . = ALIGN (0x8)
                [!provide]                        PROVIDE (end = .)
                0x20000aa8                        PROVIDE (_end = .)
                0x20000ca8                        . = (. + _Min_Heap_Size)
 *fill*         0x20000aa8      0x200 
                0x200010a8                        . = (. + _Min_Stack_Size)
 *fill*         0x20000ca8      0x400 
                0x200010a8                        . = ALIGN (0x8)

/DISCARD/
 libc.a(*)
 libm.a(*)
 libgcc.a(*)

.ARM.attributes
                0x00000000       0x30
 *(.ARM.attributes)
 .ARM.attributes
                0x00000000       0x22 C:/ST/STM32CubeIDE_1.12.0/STM32CubeIDE/plugins/com.st.stm32cube.ide.mcu.externaltools.gnu-tools-for-stm32.13.3.rel1.win32_1.0.0.202411081344/tools/bin/../lib/gcc/arm-none-eabi/13.3.1/thumb/v7e-m+fp/hard/crti.o
 .ARM.attributes
                0x00000022       0x34 C:/ST/STM32CubeIDE_1.12.0/STM32CubeIDE/plugins/com.st.stm32cube.ide.mcu.externaltools.gnu-tools-for-stm32.13.3.rel1.win32_1.0.0.202411081344/tools/bin/../lib/gcc/arm-none-eabi/13.3.1/thumb/v7e-m+fp/hard/crtbegin.o
 .ARM.attributes
                0x00000056       0x34 ./Core/Src/SHA1.o
 .ARM.attributes
                0x0000008a       0x34 ./Core/Src/aes.o
 .ARM.attributes
                0x000000be       0x34 ./Core/Src/main.o
 .ARM.attributes
                0x000000f2       0x34 ./Core/Src/stm32f4xx_hal_msp.o
 .ARM.attributes
                0x00000126       0x34 ./Core/Src/stm32f4xx_it.o
 .ARM.attributes
                0x0000015a       0x34 ./Core/Src/sysmem.o
 .ARM.attributes
                0x0000018e       0x34 ./Core/Src/system_stm32f4xx.o
 .ARM.attributes
                0x000001c2       0x21 ./Core/Startup/startup_stm32f407vgtx.o
 .ARM.attributes
                0x000001e3       0x34 ./Drivers/STM32F4xx_HAL_Driver/Src/stm32f4xx_hal.o
 .ARM.attributes
                0x00000217       0x34 ./Drivers/STM32F4xx_HAL_Driver/Src/stm32f4xx_hal_cortex.o
 .ARM.attributes
                0x0000024b       0x34 ./Drivers/STM32F4xx_HAL_Driver/Src/stm32f4xx_hal_dma.o
 .ARM.attributes
                0x0000027f       0x34 ./Drivers/STM32F4xx_HAL_Driver/Src/stm32f4xx_hal_gpio.o
 .ARM.attributes
                0x000002b3       0x34 ./Drivers/STM32F4xx_HAL_Driver/Src/stm32f4xx_hal_hcd.o
 .ARM.attributes
                0x000002e7       0x34 ./Drivers/STM32F4xx_HAL_Driver/Src/stm32f4xx_hal_i2c.o
 .ARM.attributes
                0x0000031b       0x34 ./Drivers/STM32F4xx_HAL_Driver/Src/stm32f4xx_hal_i2s.o
 .ARM.attributes
                0x0000034f       0x34 ./Drivers/STM32F4xx_HAL_Driver/Src/stm32f4xx_hal_i2s_ex.o
 .ARM.attributes
                0x00000383       0x34 ./Drivers/STM32F4xx_HAL_Driver/Src/stm32f4xx_hal_rcc.o
 .ARM.attributes
                0x000003b7       0x34 ./Drivers/STM32F4xx_HAL_Driver/Src/stm32f4xx_hal_rcc_ex.o
 .ARM.attributes
                0x000003eb       0x34 ./Drivers/STM32F4xx_HAL_Driver/Src/stm32f4xx_hal_spi.o
 .ARM.attributes
                0x0000041f       0x34 ./Drivers/STM32F4xx_HAL_Driver/Src/stm32f4xx_hal_uart.o
 .ARM.attributes
                0x00000453       0x34 ./Drivers/STM32F4xx_HAL_Driver/Src/stm32f4xx_ll_usb.o
 .ARM.attributes
                0x00000487       0x34 ./Middlewares/ST/STM32_USB_Host_Library/Class/CDC/Src/usbh_cdc.o
 .ARM.attributes
                0x000004bb       0x34 ./Middlewares/ST/STM32_USB_Host_Library/Core/Src/usbh_core.o
 .ARM.attributes
                0x000004ef       0x34 ./Middlewares/ST/STM32_USB_Host_Library/Core/Src/usbh_ctlreq.o
 .ARM.attributes
                0x00000523       0x34 ./Middlewares/ST/STM32_USB_Host_Library/Core/Src/usbh_ioreq.o
 .ARM.attributes
                0x00000557       0x34 ./Middlewares/ST/STM32_USB_Host_Library/Core/Src/usbh_pipes.o
 .ARM.attributes
                0x0000058b       0x34 ./USB_HOST/App/usb_host.o
 .ARM.attributes
                0x000005bf       0x34 ./USB_HOST/Target/usbh_conf.o
 .ARM.attributes
                0x000005f3       0x34 ./USB_HOST/Target/usbh_platform.o
 .ARM.attributes
                0x00000627       0x34 C:/ST/STM32CubeIDE_1.12.0/STM32CubeIDE/plugins/com.st.stm32cube.ide.mcu.externaltools.gnu-tools-for-stm32.13.3.rel1.win32_1.0.0.202411081344/tools/bin/../lib/gcc/arm-none-eabi/13.3.1/../../../../arm-none-eabi/lib/thumb/v7e-m+fp/hard\libc_nano.a(libc_a-malloc.o)
 .ARM.attributes
                0x0000065b       0x34 C:/ST/STM32CubeIDE_1.12.0/STM32CubeIDE/plugins/com.st.stm32cube.ide.mcu.externaltools.gnu-tools-for-stm32.13.3.rel1.win32_1.0.0.202411081344/tools/bin/../lib/gcc/arm-none-eabi/13.3.1/../../../../arm-none-eabi/lib/thumb/v7e-m+fp/hard\libc_nano.a(libc_a-mallocr.o)
 .ARM.attributes
                0x0000068f       0x34 C:/ST/STM32CubeIDE_1.12.0/STM32CubeIDE/plugins/com.st.stm32cube.ide.mcu.externaltools.gnu-tools-for-stm32.13.3.rel1.win32_1.0.0.202411081344/tools/bin/../lib/gcc/arm-none-eabi/13.3.1/../../../../arm-none-eabi/lib/thumb/v7e-m+fp/hard\libc_nano.a(libc_a-mlock.o)
 .ARM.attributes
                0x000006c3       0x34 C:/ST/STM32CubeIDE_1.12.0/STM32CubeIDE/plugins/com.st.stm32cube.ide.mcu.externaltools.gnu-tools-for-stm32.13.3.rel1.win32_1.0.0.202411081344/tools/bin/../lib/gcc/arm-none-eabi/13.3.1/../../../../arm-none-eabi/lib/thumb/v7e-m+fp/hard\libc_nano.a(libc_a-findfp.o)
 .ARM.attributes
                0x000006f7       0x34 C:/ST/STM32CubeIDE_1.12.0/STM32CubeIDE/plugins/com.st.stm32cube.ide.mcu.externaltools.gnu-tools-for-stm32.13.3.rel1.win32_1.0.0.202411081344/tools/bin/../lib/gcc/arm-none-eabi/13.3.1/../../../../arm-none-eabi/lib/thumb/v7e-m+fp/hard\libc_nano.a(libc_a-memset.o)
 .ARM.attributes
                0x0000072b       0x34 C:/ST/STM32CubeIDE_1.12.0/STM32CubeIDE/plugins/com.st.stm32cube.ide.mcu.externaltools.gnu-tools-for-stm32.13.3.rel1.win32_1.0.0.202411081344/tools/bin/../lib/gcc/arm-none-eabi/13.3.1/../../../../arm-none-eabi/lib/thumb/v7e-m+fp/hard\libc_nano.a(libc_a-reent.o)
 .ARM.attributes
                0x0000075f       0x34 C:/ST/STM32CubeIDE_1.12.0/STM32CubeIDE/plugins/com.st.stm32cube.ide.mcu.externaltools.gnu-tools-for-stm32.13.3.rel1.win32_1.0.0.202411081344/tools/bin/../lib/gcc/arm-none-eabi/13.3.1/../../../../arm-none-eabi/lib/thumb/v7e-m+fp/hard\libc_nano.a(libc_a-impure.o)
 .ARM.attributes
                0x00000793       0x34 C:/ST/STM32CubeIDE_1.12.0/STM32CubeIDE/plugins/com.st.stm32cube.ide.mcu.externaltools.gnu-tools-for-stm32.13.3.rel1.win32_1.0.0.202411081344/tools/bin/../lib/gcc/arm-none-eabi/13.3.1/../../../../arm-none-eabi/lib/thumb/v7e-m+fp/hard\libc_nano.a(libc_a-sbrkr.o)
 .ARM.attributes
                0x000007c7       0x34 C:/ST/STM32CubeIDE_1.12.0/STM32CubeIDE/plugins/com.st.stm32cube.ide.mcu.externaltools.gnu-tools-for-stm32.13.3.rel1.win32_1.0.0.202411081344/tools/bin/../lib/gcc/arm-none-eabi/13.3.1/../../../../arm-none-eabi/lib/thumb/v7e-m+fp/hard\libc_nano.a(libc_a-errno.o)
 .ARM.attributes
                0x000007fb       0x34 C:/ST/STM32CubeIDE_1.12.0/STM32CubeIDE/plugins/com.st.stm32cube.ide.mcu.externaltools.gnu-tools-for-stm32.13.3.rel1.win32_1.0.0.202411081344/tools/bin/../lib/gcc/arm-none-eabi/13.3.1/../../../../arm-none-eabi/lib/thumb/v7e-m+fp/hard\libc_nano.a(libc_a-init.o)
 .ARM.attributes
                0x0000082f       0x34 C:/ST/STM32CubeIDE_1.12.0/STM32CubeIDE/plugins/com.st.stm32cube.ide.mcu.externaltools.gnu-tools-for-stm32.13.3.rel1.win32_1.0.0.202411081344/tools/bin/../lib/gcc/arm-none-eabi/13.3.1/../../../../arm-none-eabi/lib/thumb/v7e-m+fp/hard\libc_nano.a(libc_a-lock.o)
 .ARM.attributes
                0x00000863       0x34 C:/ST/STM32CubeIDE_1.12.0/STM32CubeIDE/plugins/com.st.stm32cube.ide.mcu.externaltools.gnu-tools-for-stm32.13.3.rel1.win32_1.0.0.202411081344/tools/bin/../lib/gcc/arm-none-eabi/13.3.1/../../../../arm-none-eabi/lib/thumb/v7e-m+fp/hard\libc_nano.a(libc_a-memcpy-stub.o)
 .ARM.attributes
                0x00000897       0x34 C:/ST/STM32CubeIDE_1.12.0/STM32CubeIDE/plugins/com.st.stm32cube.ide.mcu.externaltools.gnu-tools-for-stm32.13.3.rel1.win32_1.0.0.202411081344/tools/bin/../lib/gcc/arm-none-eabi/13.3.1/../../../../arm-none-eabi/lib/thumb/v7e-m+fp/hard\libc_nano.a(libc_a-freer.o)
 .ARM.attributes
                0x000008cb       0x22 C:/ST/STM32CubeIDE_1.12.0/STM32CubeIDE/plugins/com.st.stm32cube.ide.mcu.externaltools.gnu-tools-for-stm32.13.3.rel1.win32_1.0.0.202411081344/tools/bin/../lib/gcc/arm-none-eabi/13.3.1/thumb/v7e-m+fp/hard\libgcc.a(_aeabi_uldivmod.o)
 .ARM.attributes
                0x000008ed       0x34 C:/ST/STM32CubeIDE_1.12.0/STM32CubeIDE/plugins/com.st.stm32cube.ide.mcu.externaltools.gnu-tools-for-stm32.13.3.rel1.win32_1.0.0.202411081344/tools/bin/../lib/gcc/arm-none-eabi/13.3.1/thumb/v7e-m+fp/hard\libgcc.a(_udivmoddi4.o)
 .ARM.attributes
                0x00000921       0x22 C:/ST/STM32CubeIDE_1.12.0/STM32CubeIDE/plugins/com.st.stm32cube.ide.mcu.externaltools.gnu-tools-for-stm32.13.3.rel1.win32_1.0.0.202411081344/tools/bin/../lib/gcc/arm-none-eabi/13.3.1/thumb/v7e-m+fp/hard\libgcc.a(_dvmd_tls.o)
 .ARM.attributes
                0x00000943       0x22 C:/ST/STM32CubeIDE_1.12.0/STM32CubeIDE/plugins/com.st.stm32cube.ide.mcu.externaltools.gnu-tools-for-stm32.13.3.rel1.win32_1.0.0.202411081344/tools/bin/../lib/gcc/arm-none-eabi/13.3.1/thumb/v7e-m+fp/hard/crtn.o
OUTPUT(AES128.elf elf32-littlearm)
LOAD linker stubs
LOAD C:/ST/STM32CubeIDE_1.12.0/STM32CubeIDE/plugins/com.st.stm32cube.ide.mcu.externaltools.gnu-tools-for-stm32.13.3.rel1.win32_1.0.0.202411081344/tools/bin/../lib/gcc/arm-none-eabi/13.3.1/../../../../arm-none-eabi/lib/thumb/v7e-m+fp/hard\libc.a
LOAD C:/ST/STM32CubeIDE_1.12.0/STM32CubeIDE/plugins/com.st.stm32cube.ide.mcu.externaltools.gnu-tools-for-stm32.13.3.rel1.win32_1.0.0.202411081344/tools/bin/../lib/gcc/arm-none-eabi/13.3.1/../../../../arm-none-eabi/lib/thumb/v7e-m+fp/hard\libm.a
LOAD C:/ST/STM32CubeIDE_1.12.0/STM32CubeIDE/plugins/com.st.stm32cube.ide.mcu.externaltools.gnu-tools-for-stm32.13.3.rel1.win32_1.0.0.202411081344/tools/bin/../lib/gcc/arm-none-eabi/13.3.1/thumb/v7e-m+fp/hard\libgcc.a

.debug_info     0x00000000    0x1988b
 .debug_info    0x00000000      0x316 ./Core/Src/SHA1.o
 .debug_info    0x00000316      0x750 ./Core/Src/aes.o
 .debug_info    0x00000a66     0x15a6 ./Core/Src/main.o
 .debug_info    0x0000200c     0x1501 ./Core/Src/stm32f4xx_hal_msp.o
 .debug_info    0x0000350d      0xacb ./Core/Src/stm32f4xx_it.o
 .debug_info    0x00003fd8      0x168 ./Core/Src/sysmem.o
 .debug_info    0x00004140      0x512 ./Core/Src/system_stm32f4xx.o
 .debug_info    0x00004652       0x30 ./Core/Startup/startup_stm32f407vgtx.o
 .debug_info    0x00004682      0x948 ./Drivers/STM32F4xx_HAL_Driver/Src/stm32f4xx_hal.o
 .debug_info    0x00004fca      0xd46 ./Drivers/STM32F4xx_HAL_Driver/Src/stm32f4xx_hal_cortex.o
 .debug_info    0x00005d10      0x8e7 ./Drivers/STM32F4xx_HAL_Driver/Src/stm32f4xx_hal_dma.o
 .debug_info    0x000065f7      0x6c3 ./Drivers/STM32F4xx_HAL_Driver/Src/stm32f4xx_hal_gpio.o
 .debug_info    0x00006cba      0xfea ./Drivers/STM32F4xx_HAL_Driver/Src/stm32f4xx_hal_hcd.o
 .debug_info    0x00007ca4     0x23e1 ./Drivers/STM32F4xx_HAL_Driver/Src/stm32f4xx_hal_i2c.o
 .debug_info    0x0000a085      0xdf8 ./Drivers/STM32F4xx_HAL_Driver/Src/stm32f4xx_hal_i2s.o
 .debug_info    0x0000ae7d      0xaeb ./Drivers/STM32F4xx_HAL_Driver/Src/stm32f4xx_hal_i2s_ex.o
 .debug_info    0x0000b968      0x8b1 ./Drivers/STM32F4xx_HAL_Driver/Src/stm32f4xx_hal_rcc.o
 .debug_info    0x0000c219      0x53a ./Drivers/STM32F4xx_HAL_Driver/Src/stm32f4xx_hal_rcc_ex.o
 .debug_info    0x0000c753     0x15fb ./Drivers/STM32F4xx_HAL_Driver/Src/stm32f4xx_hal_spi.o
 .debug_info    0x0000dd4e     0x2fb8 ./Drivers/STM32F4xx_HAL_Driver/Src/stm32f4xx_hal_uart.o
 .debug_info    0x00010d06     0x18f6 ./Drivers/STM32F4xx_HAL_Driver/Src/stm32f4xx_ll_usb.o
 .debug_info    0x000125fc     0x1474 ./Middlewares/ST/STM32_USB_Host_Library/Class/CDC/Src/usbh_cdc.o
 .debug_info    0x00013a70      0xf90 ./Middlewares/ST/STM32_USB_Host_Library/Core/Src/usbh_core.o
 .debug_info    0x00014a00      0xf86 ./Middlewares/ST/STM32_USB_Host_Library/Core/Src/usbh_ctlreq.o
 .debug_info    0x00015986      0xc2b ./Middlewares/ST/STM32_USB_Host_Library/Core/Src/usbh_ioreq.o
 .debug_info    0x000165b1      0xa8e ./Middlewares/ST/STM32_USB_Host_Library/Core/Src/usbh_pipes.o
 .debug_info    0x0001703f      0xa10 ./USB_HOST/App/usb_host.o
 .debug_info    0x00017a4f     0x1c64 ./USB_HOST/Target/usbh_conf.o
 .debug_info    0x000196b3      0x1d8 ./USB_HOST/Target/usbh_platform.o

.debug_abbrev   0x00000000     0x4261
 .debug_abbrev  0x00000000      0x18f ./Core/Src/SHA1.o
 .debug_abbrev  0x0000018f      0x202 ./Core/Src/aes.o
 .debug_abbrev  0x00000391      0x31a ./Core/Src/main.o
 .debug_abbrev  0x000006ab      0x233 ./Core/Src/stm32f4xx_hal_msp.o
 .debug_abbrev  0x000008de      0x1f0 ./Core/Src/stm32f4xx_it.o
 .debug_abbrev  0x00000ace       0xbc ./Core/Src/sysmem.o
 .debug_abbrev  0x00000b8a      0x11a ./Core/Src/system_stm32f4xx.o
 .debug_abbrev  0x00000ca4       0x24 ./Core/Startup/startup_stm32f407vgtx.o
 .debug_abbrev  0x00000cc8      0x213 ./Drivers/STM32F4xx_HAL_Driver/Src/stm32f4xx_hal.o
 .debug_abbrev  0x00000edb      0x327 ./Drivers/STM32F4xx_HAL_Driver/Src/stm32f4xx_hal_cortex.o
 .debug_abbrev  0x00001202      0x264 ./Drivers/STM32F4xx_HAL_Driver/Src/stm32f4xx_hal_dma.o
 .debug_abbrev  0x00001466      0x1d4 ./Drivers/STM32F4xx_HAL_Driver/Src/stm32f4xx_hal_gpio.o
 .debug_abbrev  0x0000163a      0x291 ./Drivers/STM32F4xx_HAL_Driver/Src/stm32f4xx_hal_hcd.o
 .debug_abbrev  0x000018cb      0x2ad ./Drivers/STM32F4xx_HAL_Driver/Src/stm32f4xx_hal_i2c.o
 .debug_abbrev  0x00001b78      0x256 ./Drivers/STM32F4xx_HAL_Driver/Src/stm32f4xx_hal_i2s.o
 .debug_abbrev  0x00001dce      0x288 ./Drivers/STM32F4xx_HAL_Driver/Src/stm32f4xx_hal_i2s_ex.o
 .debug_abbrev  0x00002056      0x2b6 ./Drivers/STM32F4xx_HAL_Driver/Src/stm32f4xx_hal_rcc.o
 .debug_abbrev  0x0000230c      0x1af ./Drivers/STM32F4xx_HAL_Driver/Src/stm32f4xx_hal_rcc_ex.o
 .debug_abbrev  0x000024bb      0x284 ./Drivers/STM32F4xx_HAL_Driver/Src/stm32f4xx_hal_spi.o
 .debug_abbrev  0x0000273f      0x30e ./Drivers/STM32F4xx_HAL_Driver/Src/stm32f4xx_hal_uart.o
 .debug_abbrev  0x00002a4d      0x2ac ./Drivers/STM32F4xx_HAL_Driver/Src/stm32f4xx_ll_usb.o
 .debug_abbrev  0x00002cf9      0x33b ./Middlewares/ST/STM32_USB_Host_Library/Class/CDC/Src/usbh_cdc.o
 .debug_abbrev  0x00003034      0x327 ./Middlewares/ST/STM32_USB_Host_Library/Core/Src/usbh_core.o
 .debug_abbrev  0x0000335b      0x2fc ./Middlewares/ST/STM32_USB_Host_Library/Core/Src/usbh_ctlreq.o
 .debug_abbrev  0x00003657      0x245 ./Middlewares/ST/STM32_USB_Host_Library/Core/Src/usbh_ioreq.o
 .debug_abbrev  0x0000389c      0x281 ./Middlewares/ST/STM32_USB_Host_Library/Core/Src/usbh_pipes.o
 .debug_abbrev  0x00003b1d      0x26e ./USB_HOST/App/usb_host.o
 .debug_abbrev  0x00003d8b      0x3c2 ./USB_HOST/Target/usbh_conf.o
 .debug_abbrev  0x0000414d      0x114 ./USB_HOST/Target/usbh_platform.o

.debug_aranges  0x00000000     0x14b8
 .debug_aranges
                0x00000000       0x38 ./Core/Src/SHA1.o
 .debug_aranges
                0x00000038       0xb8 ./Core/Src/aes.o
 .debug_aranges
                0x000000f0       0x60 ./Core/Src/main.o
 .debug_aranges
                0x00000150       0x60 ./Core/Src/stm32f4xx_hal_msp.o
 .debug_aranges
                0x000001b0       0x70 ./Core/Src/stm32f4xx_it.o
 .debug_aranges
                0x00000220       0x20 ./Core/Src/sysmem.o
 .debug_aranges
                0x00000240       0x28 ./Core/Src/system_stm32f4xx.o
 .debug_aranges
                0x00000268       0x28 ./Core/Startup/startup_stm32f407vgtx.o
 .debug_aranges
                0x00000290       0xf0 ./Drivers/STM32F4xx_HAL_Driver/Src/stm32f4xx_hal.o
 .debug_aranges
                0x00000380      0x118 ./Drivers/STM32F4xx_HAL_Driver/Src/stm32f4xx_hal_cortex.o
 .debug_aranges
                0x00000498       0x90 ./Drivers/STM32F4xx_HAL_Driver/Src/stm32f4xx_hal_dma.o
 .debug_aranges
                0x00000528       0x58 ./Drivers/STM32F4xx_HAL_Driver/Src/stm32f4xx_hal_gpio.o
 .debug_aranges
                0x00000580       0xf8 ./Drivers/STM32F4xx_HAL_Driver/Src/stm32f4xx_hal_hcd.o
 .debug_aranges
                0x00000678      0x2a0 ./Drivers/STM32F4xx_HAL_Driver/Src/stm32f4xx_hal_i2c.o
 .debug_aranges
                0x00000918      0x108 ./Drivers/STM32F4xx_HAL_Driver/Src/stm32f4xx_hal_i2s.o
 .debug_aranges
                0x00000a20       0x88 ./Drivers/STM32F4xx_HAL_Driver/Src/stm32f4xx_hal_i2s_ex.o
 .debug_aranges
                0x00000aa8       0x88 ./Drivers/STM32F4xx_HAL_Driver/Src/stm32f4xx_hal_rcc.o
 .debug_aranges
                0x00000b30       0x48 ./Drivers/STM32F4xx_HAL_Driver/Src/stm32f4xx_hal_rcc_ex.o
 .debug_aranges
                0x00000b78      0x1d0 ./Drivers/STM32F4xx_HAL_Driver/Src/stm32f4xx_hal_spi.o
 .debug_aranges
                0x00000d48      0x200 ./Drivers/STM32F4xx_HAL_Driver/Src/stm32f4xx_hal_uart.o
 .debug_aranges
                0x00000f48      0x1a0 ./Drivers/STM32F4xx_HAL_Driver/Src/stm32f4xx_ll_usb.o
 .debug_aranges
                0x000010e8       0xa8 ./Middlewares/ST/STM32_USB_Host_Library/Class/CDC/Src/usbh_cdc.o
 .debug_aranges
                0x00001190       0xc0 ./Middlewares/ST/STM32_USB_Host_Library/Core/Src/usbh_core.o
 .debug_aranges
                0x00001250       0xa0 ./Middlewares/ST/STM32_USB_Host_Library/Core/Src/usbh_ctlreq.o
 .debug_aranges
                0x000012f0       0x60 ./Middlewares/ST/STM32_USB_Host_Library/Core/Src/usbh_ioreq.o
 .debug_aranges
                0x00001350       0x40 ./Middlewares/ST/STM32_USB_Host_Library/Core/Src/usbh_pipes.o
 .debug_aranges
                0x00001390       0x30 ./USB_HOST/App/usb_host.o
 .debug_aranges
                0x000013c0       0xd8 ./USB_HOST/Target/usbh_conf.o
 .debug_aranges
                0x00001498       0x20 ./USB_HOST/Target/usbh_platform.o

.debug_rnglists
                0x00000000      0xff4
 .debug_rnglists
                0x00000000       0x28 ./Core/Src/SHA1.o
 .debug_rnglists
                0x00000028       0x8b ./Core/Src/aes.o
 .debug_rnglists
                0x000000b3       0x46 ./Core/Src/main.o
 .debug_rnglists
                0x000000f9       0x47 ./Core/Src/stm32f4xx_hal_msp.o
 .debug_rnglists
                0x00000140       0x4f ./Core/Src/stm32f4xx_it.o
 .debug_rnglists
                0x0000018f       0x13 ./Core/Src/sysmem.o
 .debug_rnglists
                0x000001a2       0x1a ./Core/Src/system_stm32f4xx.o
 .debug_rnglists
                0x000001bc       0x19 ./Core/Startup/startup_stm32f407vgtx.o
 .debug_rnglists
                0x000001d5       0xaf ./Drivers/STM32F4xx_HAL_Driver/Src/stm32f4xx_hal.o
 .debug_rnglists
                0x00000284       0xce ./Drivers/STM32F4xx_HAL_Driver/Src/stm32f4xx_hal_cortex.o
 .debug_rnglists
                0x00000352       0x70 ./Drivers/STM32F4xx_HAL_Driver/Src/stm32f4xx_hal_dma.o
 .debug_rnglists
                0x000003c2       0x3f ./Drivers/STM32F4xx_HAL_Driver/Src/stm32f4xx_hal_gpio.o
 .debug_rnglists
                0x00000401       0xbd ./Drivers/STM32F4xx_HAL_Driver/Src/stm32f4xx_hal_hcd.o
 .debug_rnglists
                0x000004be      0x235 ./Drivers/STM32F4xx_HAL_Driver/Src/stm32f4xx_hal_i2c.o
 .debug_rnglists
                0x000006f3       0xcc ./Drivers/STM32F4xx_HAL_Driver/Src/stm32f4xx_hal_i2s.o
 .debug_rnglists
                0x000007bf       0x6a ./Drivers/STM32F4xx_HAL_Driver/Src/stm32f4xx_hal_i2s_ex.o
 .debug_rnglists
                0x00000829       0x66 ./Drivers/STM32F4xx_HAL_Driver/Src/stm32f4xx_hal_rcc.o
 .debug_rnglists
                0x0000088f       0x35 ./Drivers/STM32F4xx_HAL_Driver/Src/stm32f4xx_hal_rcc_ex.o
 .debug_rnglists
                0x000008c4      0x16f ./Drivers/STM32F4xx_HAL_Driver/Src/stm32f4xx_hal_spi.o
 .debug_rnglists
                0x00000a33      0x1b7 ./Drivers/STM32F4xx_HAL_Driver/Src/stm32f4xx_hal_uart.o
 .debug_rnglists
                0x00000bea      0x148 ./Drivers/STM32F4xx_HAL_Driver/Src/stm32f4xx_ll_usb.o
 .debug_rnglists
                0x00000d32       0x7e ./Middlewares/ST/STM32_USB_Host_Library/Class/CDC/Src/usbh_cdc.o
 .debug_rnglists
                0x00000db0       0x8f ./Middlewares/ST/STM32_USB_Host_Library/Core/Src/usbh_core.o
 .debug_rnglists
                0x00000e3f       0x77 ./Middlewares/ST/STM32_USB_Host_Library/Core/Src/usbh_ctlreq.o
 .debug_rnglists
                0x00000eb6       0x43 ./Middlewares/ST/STM32_USB_Host_Library/Core/Src/usbh_ioreq.o
 .debug_rnglists
                0x00000ef9       0x2b ./Middlewares/ST/STM32_USB_Host_Library/Core/Src/usbh_pipes.o
 .debug_rnglists
                0x00000f24       0x1f ./USB_HOST/App/usb_host.o
 .debug_rnglists
                0x00000f43       0x9e ./USB_HOST/Target/usbh_conf.o
 .debug_rnglists
                0x00000fe1       0x13 ./USB_HOST/Target/usbh_platform.o

.debug_macro    0x00000000    0x24826
 .debug_macro   0x00000000      0x14f ./Core/Src/SHA1.o
 .debug_macro   0x0000014f      0xad8 ./Core/Src/SHA1.o
 .debug_macro   0x00000c27       0x16 ./Core/Src/SHA1.o
 .debug_macro   0x00000c3d       0x22 ./Core/Src/SHA1.o
 .debug_macro   0x00000c5f       0x8e ./Core/Src/SHA1.o
 .debug_macro   0x00000ced       0x51 ./Core/Src/SHA1.o
 .debug_macro   0x00000d3e      0x103 ./Core/Src/SHA1.o
 .debug_macro   0x00000e41       0x6a ./Core/Src/SHA1.o
 .debug_macro   0x00000eab      0x1df ./Core/Src/SHA1.o
 .debug_macro   0x0000108a      0x190 ./Core/Src/SHA1.o
 .debug_macro   0x0000121a       0x61 ./Core/Src/SHA1.o
 .debug_macro   0x0000127b       0x2a ./Core/Src/SHA1.o
 .debug_macro   0x000012a5       0x43 ./Core/Src/SHA1.o
 .debug_macro   0x000012e8       0x34 ./Core/Src/SHA1.o
 .debug_macro   0x0000131c      0x370 ./Core/Src/SHA1.o
 .debug_macro   0x0000168c       0x16 ./Core/Src/SHA1.o
 .debug_macro   0x000016a2       0x4a ./Core/Src/SHA1.o
 .debug_macro   0x000016ec       0x34 ./Core/Src/SHA1.o
 .debug_macro   0x00001720       0x10 ./Core/Src/SHA1.o
 .debug_macro   0x00001730       0x58 ./Core/Src/SHA1.o
 .debug_macro   0x00001788       0x8e ./Core/Src/SHA1.o
 .debug_macro   0x00001816       0x1c ./Core/Src/SHA1.o
 .debug_macro   0x00001832      0x185 ./Core/Src/SHA1.o
 .debug_macro   0x000019b7       0x10 ./Core/Src/SHA1.o
 .debug_macro   0x000019c7       0x3c ./Core/Src/SHA1.o
 .debug_macro   0x00001a03       0x20 ./Core/Src/SHA1.o
 .debug_macro   0x00001a23      0x170 ./Core/Src/aes.o
 .debug_macro   0x00001b93       0x5b ./Core/Src/aes.o
 .debug_macro   0x00001bee       0x94 ./Core/Src/aes.o
 .debug_macro   0x00001c82       0x57 ./Core/Src/aes.o
 .debug_macro   0x00001cd9       0x2e ./Core/Src/aes.o
 .debug_macro   0x00001d07      0x31d ./Core/Src/main.o
 .debug_macro   0x00002024      0x2ad ./Core/Src/main.o
 .debug_macro   0x000022d1       0x2e ./Core/Src/main.o
 .debug_macro   0x000022ff       0x2f ./Core/Src/main.o
 .debug_macro   0x0000232e       0x1c ./Core/Src/main.o
 .debug_macro   0x0000234a       0x22 ./Core/Src/main.o
 .debug_macro   0x0000236c       0xd9 ./Core/Src/main.o
 .debug_macro   0x00002445     0x102d ./Core/Src/main.o
 .debug_macro   0x00003472      0x11f ./Core/Src/main.o
 .debug_macro   0x00003591    0x15e82 ./Core/Src/main.o
 .debug_macro   0x00019413       0x6d ./Core/Src/main.o
 .debug_macro   0x00019480     0x367e ./Core/Src/main.o
 .debug_macro   0x0001cafe       0x5c ./Core/Src/main.o
 .debug_macro   0x0001cb5a      0x96b ./Core/Src/main.o
 .debug_macro   0x0001d4c5      0x9fe ./Core/Src/main.o
 .debug_macro   0x0001dec3      0x115 ./Core/Src/main.o
 .debug_macro   0x0001dfd8      0x13e ./Core/Src/main.o
 .debug_macro   0x0001e116       0xa5 ./Core/Src/main.o
 .debug_macro   0x0001e1bb      0x174 ./Core/Src/main.o
 .debug_macro   0x0001e32f      0x287 ./Core/Src/main.o
 .debug_macro   0x0001e5b6       0x5f ./Core/Src/main.o
 .debug_macro   0x0001e615      0x236 ./Core/Src/main.o
 .debug_macro   0x0001e84b      0x12c ./Core/Src/main.o
 .debug_macro   0x0001e977      0x21e ./Core/Src/main.o
 .debug_macro   0x0001eb95       0x2e ./Core/Src/main.o
 .debug_macro   0x0001ebc3      0x1b5 ./Core/Src/main.o
 .debug_macro   0x0001ed78       0xd6 ./Core/Src/main.o
 .debug_macro   0x0001ee4e      0x1a7 ./Core/Src/main.o
 .debug_macro   0x0001eff5       0x46 ./Core/Src/main.o
 .debug_macro   0x0001f03b       0x4a ./Core/Src/main.o
 .debug_macro   0x0001f085      0x11a ./Core/Src/main.o
 .debug_macro   0x0001f19f       0x7e ./Core/Src/main.o
 .debug_macro   0x0001f21d       0x89 ./Core/Src/main.o
 .debug_macro   0x0001f2a6      0x225 ./Core/Src/main.o
 .debug_macro   0x0001f4cb      0x295 ./Core/Src/main.o
 .debug_macro   0x0001f760      0x248 ./Core/Src/main.o
 .debug_macro   0x0001f9a8       0x7c ./Core/Src/main.o
 .debug_macro   0x0001fa24      0x12d ./Core/Src/main.o
 .debug_macro   0x0001fb51      0x190 ./Core/Src/main.o
 .debug_macro   0x0001fce1      0x21f ./Core/Src/stm32f4xx_hal_msp.o
 .debug_macro   0x0001ff00      0x229 ./Core/Src/stm32f4xx_it.o
 .debug_macro   0x00020129      0x112 ./Core/Src/sysmem.o
 .debug_macro   0x0002023b      0x23c ./Core/Src/sysmem.o
 .debug_macro   0x00020477      0x210 ./Core/Src/system_stm32f4xx.o
 .debug_macro   0x00020687      0x270 ./Drivers/STM32F4xx_HAL_Driver/Src/stm32f4xx_hal.o
 .debug_macro   0x000208f7      0x210 ./Drivers/STM32F4xx_HAL_Driver/Src/stm32f4xx_hal_cortex.o
 .debug_macro   0x00020b07      0x216 ./Drivers/STM32F4xx_HAL_Driver/Src/stm32f4xx_hal_dma.o
 .debug_macro   0x00020d1d      0x216 ./Drivers/STM32F4xx_HAL_Driver/Src/stm32f4xx_hal_gpio.o
 .debug_macro   0x00020f33      0x210 ./Drivers/STM32F4xx_HAL_Driver/Src/stm32f4xx_hal_hcd.o
 .debug_macro   0x00021143      0x257 ./Drivers/STM32F4xx_HAL_Driver/Src/stm32f4xx_hal_i2c.o
 .debug_macro   0x0002139a      0x218 ./Drivers/STM32F4xx_HAL_Driver/Src/stm32f4xx_hal_i2s.o
 .debug_macro   0x000215b2      0x210 ./Drivers/STM32F4xx_HAL_Driver/Src/stm32f4xx_hal_i2s_ex.o
 .debug_macro   0x000217c2      0x234 ./Drivers/STM32F4xx_HAL_Driver/Src/stm32f4xx_hal_rcc.o
 .debug_macro   0x000219f6      0x210 ./Drivers/STM32F4xx_HAL_Driver/Src/stm32f4xx_hal_rcc_ex.o
 .debug_macro   0x00021c06      0x21f ./Drivers/STM32F4xx_HAL_Driver/Src/stm32f4xx_hal_spi.o
 .debug_macro   0x00021e25      0x211 ./Drivers/STM32F4xx_HAL_Driver/Src/stm32f4xx_hal_uart.o
 .debug_macro   0x00022036      0x210 ./Drivers/STM32F4xx_HAL_Driver/Src/stm32f4xx_ll_usb.o
 .debug_macro   0x00022246      0x3b7 ./Middlewares/ST/STM32_USB_Host_Library/Class/CDC/Src/usbh_cdc.o
 .debug_macro   0x000225fd       0x16 ./Middlewares/ST/STM32_USB_Host_Library/Class/CDC/Src/usbh_cdc.o
 .debug_macro   0x00022613       0x9e ./Middlewares/ST/STM32_USB_Host_Library/Class/CDC/Src/usbh_cdc.o
 .debug_macro   0x000226b1      0x112 ./Middlewares/ST/STM32_USB_Host_Library/Class/CDC/Src/usbh_cdc.o
 .debug_macro   0x000227c3       0x16 ./Middlewares/ST/STM32_USB_Host_Library/Class/CDC/Src/usbh_cdc.o
 .debug_macro   0x000227d9       0x16 ./Middlewares/ST/STM32_USB_Host_Library/Class/CDC/Src/usbh_cdc.o
 .debug_macro   0x000227ef       0x56 ./Middlewares/ST/STM32_USB_Host_Library/Class/CDC/Src/usbh_cdc.o
 .debug_macro   0x00022845       0x73 ./Middlewares/ST/STM32_USB_Host_Library/Class/CDC/Src/usbh_cdc.o
 .debug_macro   0x000228b8      0x233 ./Middlewares/ST/STM32_USB_Host_Library/Class/CDC/Src/usbh_cdc.o
 .debug_macro   0x00022aeb       0x2e ./Middlewares/ST/STM32_USB_Host_Library/Class/CDC/Src/usbh_cdc.o
 .debug_macro   0x00022b19       0x2e ./Middlewares/ST/STM32_USB_Host_Library/Class/CDC/Src/usbh_cdc.o
 .debug_macro   0x00022b47       0x28 ./Middlewares/ST/STM32_USB_Host_Library/Class/CDC/Src/usbh_cdc.o
 .debug_macro   0x00022b6f      0x15c ./Middlewares/ST/STM32_USB_Host_Library/Class/CDC/Src/usbh_cdc.o
 .debug_macro   0x00022ccb      0x3b4 ./Middlewares/ST/STM32_USB_Host_Library/Core/Src/usbh_core.o
 .debug_macro   0x0002307f      0x3ac ./Middlewares/ST/STM32_USB_Host_Library/Core/Src/usbh_ctlreq.o
 .debug_macro   0x0002342b       0x28 ./Middlewares/ST/STM32_USB_Host_Library/Core/Src/usbh_ctlreq.o
 .debug_macro   0x00023453      0x3a6 ./Middlewares/ST/STM32_USB_Host_Library/Core/Src/usbh_ioreq.o
 .debug_macro   0x000237f9      0x3a6 ./Middlewares/ST/STM32_USB_Host_Library/Core/Src/usbh_pipes.o
 .debug_macro   0x00023b9f      0x3b5 ./USB_HOST/App/usb_host.o
 .debug_macro   0x00023f54      0x196 ./USB_HOST/App/usb_host.o
 .debug_macro   0x000240ea      0x162 ./USB_HOST/App/usb_host.o
 .debug_macro   0x0002424c      0x3b6 ./USB_HOST/Target/usbh_conf.o
 .debug_macro   0x00024602      0x224 ./USB_HOST/Target/usbh_platform.o

.debug_line     0x00000000    0x1ce4b
 .debug_line    0x00000000      0x7e7 ./Core/Src/SHA1.o
 .debug_line    0x000007e7      0xfd2 ./Core/Src/aes.o
 .debug_line    0x000017b9      0xb80 ./Core/Src/main.o
 .debug_line    0x00002339      0x91f ./Core/Src/stm32f4xx_hal_msp.o
 .debug_line    0x00002c58      0x89a ./Core/Src/stm32f4xx_it.o
 .debug_line    0x000034f2      0x588 ./Core/Src/sysmem.o
 .debug_line    0x00003a7a      0x840 ./Core/Src/system_stm32f4xx.o
 .debug_line    0x000042ba       0x7a ./Core/Startup/startup_stm32f407vgtx.o
 .debug_line    0x00004334      0xaad ./Drivers/STM32F4xx_HAL_Driver/Src/stm32f4xx_hal.o
 .debug_line    0x00004de1      0xd38 ./Drivers/STM32F4xx_HAL_Driver/Src/stm32f4xx_hal_cortex.o
 .debug_line    0x00005b19     0x1019 ./Drivers/STM32F4xx_HAL_Driver/Src/stm32f4xx_hal_dma.o
 .debug_line    0x00006b32      0xc05 ./Drivers/STM32F4xx_HAL_Driver/Src/stm32f4xx_hal_gpio.o
 .debug_line    0x00007737     0x1295 ./Drivers/STM32F4xx_HAL_Driver/Src/stm32f4xx_hal_hcd.o
 .debug_line    0x000089cc     0x3abf ./Drivers/STM32F4xx_HAL_Driver/Src/stm32f4xx_hal_i2c.o
 .debug_line    0x0000c48b     0x141b ./Drivers/STM32F4xx_HAL_Driver/Src/stm32f4xx_hal_i2s.o
 .debug_line    0x0000d8a6     0x1342 ./Drivers/STM32F4xx_HAL_Driver/Src/stm32f4xx_hal_i2s_ex.o
 .debug_line    0x0000ebe8      0xea4 ./Drivers/STM32F4xx_HAL_Driver/Src/stm32f4xx_hal_rcc.o
 .debug_line    0x0000fa8c      0xb1b ./Drivers/STM32F4xx_HAL_Driver/Src/stm32f4xx_hal_rcc_ex.o
 .debug_line    0x000105a7     0x1d9d ./Drivers/STM32F4xx_HAL_Driver/Src/stm32f4xx_hal_spi.o
 .debug_line    0x00012344     0x2678 ./Drivers/STM32F4xx_HAL_Driver/Src/stm32f4xx_hal_uart.o
 .debug_line    0x000149bc     0x1ce2 ./Drivers/STM32F4xx_HAL_Driver/Src/stm32f4xx_ll_usb.o
 .debug_line    0x0001669e      0xf4c ./Middlewares/ST/STM32_USB_Host_Library/Class/CDC/Src/usbh_cdc.o
 .debug_line    0x000175ea     0x11d5 ./Middlewares/ST/STM32_USB_Host_Library/Core/Src/usbh_core.o
 .debug_line    0x000187bf     0x106e ./Middlewares/ST/STM32_USB_Host_Library/Core/Src/usbh_ctlreq.o
 .debug_line    0x0001982d      0xb1a ./Middlewares/ST/STM32_USB_Host_Library/Core/Src/usbh_ioreq.o
 .debug_line    0x0001a347      0xac7 ./Middlewares/ST/STM32_USB_Host_Library/Core/Src/usbh_pipes.o
 .debug_line    0x0001ae0e      0xaba ./USB_HOST/App/usb_host.o
 .debug_line    0x0001b8c8      0xd95 ./USB_HOST/Target/usbh_conf.o
 .debug_line    0x0001c65d      0x7ee ./USB_HOST/Target/usbh_platform.o
