../Core/Src/main.c:73:6:HAL_ADC_LevelOutOfWindowCallback	16	static
../Core/Src/main.c:93:5:main	8	static
../Core/Src/main.c:160:6:SystemClock_Config	88	static
../Core/Src/main.c:206:13:MX_ADC1_Init	48	static
../Core/Src/main.c:280:13:MX_I2C1_Init	8	static
../Core/Src/main.c:314:13:MX_I2S3_Init	8	static
../Core/Src/main.c:348:13:MX_SPI1_Init	8	static
../Core/Src/main.c:384:13:MX_DMA_Init	16	static
../Core/Src/main.c:402:13:MX_GPIO_Init	56	static
../Core/Src/main.c:501:6:Error_Handler	4	static,ignoring_inline_asm
